#
# There is insufficient memory for the Java Runtime Environment to continue.
# Native memory allocation (malloc) failed to allocate 32744 bytes for Chunk::new
# Possible reasons:
#   The system is out of physical RAM or swap space
#   The process is running with CompressedOops enabled, and the Java Heap may be blocking the growth of the native heap
# Possible solutions:
#   Reduce memory load on the system
#   Increase physical memory or swap space
#   Check if swap backing store is full
#   Decrease Java heap size (-Xmx/-Xms)
#   Decrease number of Java threads
#   Decrease Java thread stack sizes (-Xss)
#   Set larger code cache with -XX:ReservedCodeCacheSize=
#   JVM is running with Unscaled Compressed Oops mode in which the Java heap is
#     placed in the first 4GB address space. The Java Heap base address is the
#     maximum limit for the native heap growth. Please use -XX:HeapBaseMinAddress
#     to set the Java Heap base and to place the Java Heap above 4GB virtual address.
# This output file may be truncated or incomplete.
#
#  Out of Memory Error (arena.cpp:184), pid=38868, tid=35056
#
# JRE version: Java(TM) SE Runtime Environment (20.0.2+9) (build 20.0.2+9-78)
# Java VM: Java HotSpot(TM) 64-Bit Server VM (20.0.2+9-78, mixed mode, sharing, tiered, compressed oops, compressed class ptrs, g1 gc, windows-amd64)
# No core dump will be written. Minidumps are not enabled by default on client versions of Windows
#

---------------  S U M M A R Y ------------

Command Line: --add-opens=java.base/java.lang=ALL-UNNAMED --add-opens=java.base/java.lang.invoke=ALL-UNNAMED --add-opens=java.base/java.util=ALL-UNNAMED --add-opens=java.prefs/java.util.prefs=ALL-UNNAMED --add-exports=jdk.compiler/com.sun.tools.javac.api=ALL-UNNAMED --add-exports=jdk.compiler/com.sun.tools.javac.util=ALL-UNNAMED --add-opens=java.base/java.util=ALL-UNNAMED --add-opens=java.prefs/java.util.prefs=ALL-UNNAMED --add-opens=java.base/java.nio.charset=ALL-UNNAMED --add-opens=java.base/java.net=ALL-UNNAMED --add-opens=java.base/java.util.concurrent.atomic=ALL-UNNAMED --add-opens=java.xml/javax.xml.namespace=ALL-UNNAMED -XX:MaxMetaspaceSize=384m -XX:+HeapDumpOnOutOfMemoryError -Xms256m -Xmx512m -Dfile.encoding=UTF-8 -Duser.country=ID -Duser.language=en -Duser.variant -javaagent:C:\Users\ASUS\.gradle\wrapper\dists\gradle-8.13-bin\5xuhj0ry160q40clulazy9h7d\gradle-8.13\lib\agents\gradle-instrumentation-agent-8.13.jar org.gradle.launcher.daemon.bootstrap.GradleDaemon 8.13

Host: AMD Ryzen 5 5600H with Radeon Graphics         , 12 cores, 15G,  Windows 11 , 64 bit Build 22621 (10.0.22621.5262)
Time: Sat May 24 11:40:07 2025 SE Asia Standard Time elapsed time: 164.644608 seconds (0d 0h 2m 44s)

---------------  T H R E A D  ---------------

Current thread (0x000002dfb8c03c50):  JavaThread "C2 CompilerThread0" daemon [_thread_in_native, id=35056, stack(0x000000f8c2600000,0x000000f8c2700000)]


Current CompileTask:
C2: 164644 3027       4       jdk.internal.misc.Unsafe::putReferenceOpaque (9 bytes)

Stack: [0x000000f8c2600000,0x000000f8c2700000]
Native frames: (J=compiled Java code, j=interpreted, Vv=VM code, C=native code)
V  [jvm.dll+0x6bc25a]
V  [jvm.dll+0x84971a]
V  [jvm.dll+0x84b315]
V  [jvm.dll+0x84ba13]
V  [jvm.dll+0x280e4f]
V  [jvm.dll+0xc2ab1]
V  [jvm.dll+0xc2dd5]
V  [jvm.dll+0x5c3e2b]
V  [jvm.dll+0x385ba4]
V  [jvm.dll+0x384fea]
V  [jvm.dll+0x24b529]
V  [jvm.dll+0x24a921]
V  [jvm.dll+0x1ce761]
V  [jvm.dll+0x25a0eb]
V  [jvm.dll+0x2587c0]
V  [jvm.dll+0x3f2dd5]
V  [jvm.dll+0x7f5c76]
V  [jvm.dll+0x6baecb]
C  [ucrtbase.dll+0x29333]
C  [KERNEL32.DLL+0x1259d]
C  [ntdll.dll+0x5af58]


---------------  P R O C E S S  ---------------

Threads class SMR info:
_java_thread_list=0x000002dfba36b850, length=25, elements={
0x000002df83791a10, 0x000002dfa04bb310, 0x000002dfa04bc2b0, 0x000002dfa04bd0b0,
0x000002dfb8c02090, 0x000002dfb8c029d0, 0x000002dfb8c03310, 0x000002dfb8c03c50,
0x000002dfb8c05380, 0x000002dfb8d0f1d0, 0x000002dfb8e2c150, 0x000002dfba470040,
0x000002dfba2b0450, 0x000002dfb90657c0, 0x000002dfba2edc00, 0x000002dfb99d95c0,
0x000002dfb99d8080, 0x000002dfb99d85d0, 0x000002dfb99db050, 0x000002dfb99d9070,
0x000002dfb99da5b0, 0x000002dfb99d8b20, 0x000002dfb99d9b10, 0x000002dfb99da060,
0x000002dfb99dab00
}

Java Threads: ( => current thread )
  0x000002df83791a10 JavaThread "main" [_thread_blocked, id=37992, stack(0x000000f8c1900000,0x000000f8c1a00000)]
  0x000002dfa04bb310 JavaThread "Reference Handler" daemon [_thread_blocked, id=37756, stack(0x000000f8c2000000,0x000000f8c2100000)]
  0x000002dfa04bc2b0 JavaThread "Finalizer" daemon [_thread_blocked, id=33916, stack(0x000000f8c2100000,0x000000f8c2200000)]
  0x000002dfa04bd0b0 JavaThread "Signal Dispatcher" daemon [_thread_blocked, id=37880, stack(0x000000f8c2200000,0x000000f8c2300000)]
  0x000002dfb8c02090 JavaThread "Attach Listener" daemon [_thread_blocked, id=37544, stack(0x000000f8c2300000,0x000000f8c2400000)]
  0x000002dfb8c029d0 JavaThread "Service Thread" daemon [_thread_blocked, id=31216, stack(0x000000f8c2400000,0x000000f8c2500000)]
  0x000002dfb8c03310 JavaThread "Monitor Deflation Thread" daemon [_thread_blocked, id=37796, stack(0x000000f8c2500000,0x000000f8c2600000)]
=>0x000002dfb8c03c50 JavaThread "C2 CompilerThread0" daemon [_thread_in_native, id=35056, stack(0x000000f8c2600000,0x000000f8c2700000)]
  0x000002dfb8c05380 JavaThread "C1 CompilerThread0" daemon [_thread_blocked, id=36928, stack(0x000000f8c2700000,0x000000f8c2800000)]
  0x000002dfb8d0f1d0 JavaThread "Common-Cleaner" daemon [_thread_blocked, id=38368, stack(0x000000f8c2800000,0x000000f8c2900000)]
  0x000002dfb8e2c150 JavaThread "Notification Thread" daemon [_thread_blocked, id=30616, stack(0x000000f8c2900000,0x000000f8c2a00000)]
  0x000002dfba470040 JavaThread "Daemon health stats" [_thread_blocked, id=40492, stack(0x000000f8c1700000,0x000000f8c1800000)]
  0x000002dfba2b0450 JavaThread "Incoming local TCP Connector on port 54796" [_thread_in_native, id=16132, stack(0x000000f8c3000000,0x000000f8c3100000)]
  0x000002dfb90657c0 JavaThread "Daemon periodic checks" [_thread_blocked, id=11196, stack(0x000000f8c3300000,0x000000f8c3400000)]
  0x000002dfba2edc00 JavaThread "Daemon" [_thread_blocked, id=38260, stack(0x000000f8c3400000,0x000000f8c3500000)]
  0x000002dfb99d95c0 JavaThread "Handler for socket connection from /127.0.0.1:54796 to /127.0.0.1:54846" [_thread_in_native, id=14348, stack(0x000000f8c3500000,0x000000f8c3600000)]
  0x000002dfb99d8080 JavaThread "Cancel handler" [_thread_blocked, id=40100, stack(0x000000f8c3600000,0x000000f8c3700000)]
  0x000002dfb99d85d0 JavaThread "Daemon worker" [_thread_blocked, id=42596, stack(0x000000f8c1600000,0x000000f8c1700000)]
  0x000002dfb99db050 JavaThread "Asynchronous log dispatcher for DefaultDaemonConnection: socket connection from /127.0.0.1:54796 to /127.0.0.1:54846" [_thread_blocked, id=42604, stack(0x000000f8c1800000,0x000000f8c1900000)]
  0x000002dfb99d9070 JavaThread "Stdin handler" [_thread_blocked, id=42608, stack(0x000000f8c3700000,0x000000f8c3800000)]
  0x000002dfb99da5b0 JavaThread "Daemon client event forwarder" [_thread_blocked, id=42632, stack(0x000000f8c3800000,0x000000f8c3900000)]
  0x000002dfb99d8b20 JavaThread "Cache worker for journal cache (C:\Users\ASUS\.gradle\caches\journal-1)" [_thread_blocked, id=42864, stack(0x000000f8c3900000,0x000000f8c3a00000)]
  0x000002dfb99d9b10 JavaThread "File lock request listener" [_thread_in_native, id=42868, stack(0x000000f8c3a00000,0x000000f8c3b00000)]
  0x000002dfb99da060 JavaThread "Cache worker for file hash cache (C:\Users\ASUS\.gradle\caches\8.13\fileHashes)" [_thread_blocked, id=32444, stack(0x000000f8c3b00000,0x000000f8c3c00000)]
  0x000002dfb99dab00 JavaThread "File lock release action executor" [_thread_blocked, id=43076, stack(0x000000f8c3c00000,0x000000f8c3d00000)]

Other Threads:
  0x000002dfa048d970 VMThread "VM Thread" [stack: 0x000000f8c1f00000,0x000000f8c2000000] [id=31704]
  0x000002dfb8e2ceb0 WatcherThread "VM Periodic Task Thread" [stack: 0x000000f8c2a00000,0x000000f8c2b00000] [id=38916]
  0x000002df837c4fa0 WorkerThread "GC Thread#0" [stack: 0x000000f8c1a00000,0x000000f8c1b00000] [id=35560]
  0x000002dfb8f9c380 WorkerThread "GC Thread#1" [stack: 0x000000f8c2b00000,0x000000f8c2c00000] [id=39672]
  0x000002dfb8f9bde0 WorkerThread "GC Thread#2" [stack: 0x000000f8c2c00000,0x000000f8c2d00000] [id=39676]
  0x000002dfb8f9c650 WorkerThread "GC Thread#3" [stack: 0x000000f8c2d00000,0x000000f8c2e00000] [id=39680]
  0x000002dfb8f9c0b0 WorkerThread "GC Thread#4" [stack: 0x000000f8c2e00000,0x000000f8c2f00000] [id=39684]
  0x000002dfb8f9b2a0 WorkerThread "GC Thread#5" [stack: 0x000000f8c2f00000,0x000000f8c3000000] [id=39688]
  0x000002df837c9eb0 ConcurrentGCThread "G1 Main Marker" [stack: 0x000000f8c1b00000,0x000000f8c1c00000] [id=22320]
  0x000002df837cb8f0 WorkerThread "G1 Conc#0" [stack: 0x000000f8c1c00000,0x000000f8c1d00000] [id=38364]
  0x000002dfa034fd30 ConcurrentGCThread "G1 Refine#0" [stack: 0x000000f8c1d00000,0x000000f8c1e00000] [id=38556]
  0x000002dfa03506e0 ConcurrentGCThread "G1 Service" [stack: 0x000000f8c1e00000,0x000000f8c1f00000] [id=38024]

Threads with active compile tasks:
C2 CompilerThread0   164717 3027       4       jdk.internal.misc.Unsafe::putReferenceOpaque (9 bytes)

VM state: not at safepoint (normal execution)

VM Mutex/Monitor currently owned by a thread: None

Heap address: 0x00000000e0000000, size: 512 MB, Compressed Oops mode: 32-bit

CDS archive(s) mapped at: [0x000002dfa0800000-0x000002dfa1460000-0x000002dfa1460000), size 12976128, SharedBaseAddress: 0x000002dfa0800000, ArchiveRelocationMode: 1.
Compressed class space mapped at: 0x000002dfa1800000-0x000002dfb4c00000, reserved size: 322961408
Narrow klass base: 0x000002dfa0800000, Narrow klass shift: 0, Narrow klass range: 0x100000000

GC Precious Log:
 CardTable entry size: 512
 Card Set container configuration: InlinePtr #cards 5 size 8 Array Of Cards #cards 12 size 40 Howl #buckets 4 coarsen threshold 1843 Howl Bitmap #cards 512 size 80 coarsen threshold 460 Card regions per heap region 1 cards per card region 2048
 CPUs: 12 total, 12 available
 Memory: 15775M
 Large Page Support: Disabled
 NUMA Support: Disabled
 Compressed Oops: Enabled (32-bit)
 Heap Region Size: 1M
 Heap Min Capacity: 256M
 Heap Initial Capacity: 256M
 Heap Max Capacity: 512M
 Pre-touch: Disabled
 Parallel Workers: 10
 Concurrent Workers: 3
 Concurrent Refinement Workers: 10
 Periodic GC: Disabled

Heap:
 garbage-first heap   total 262144K, used 70133K [0x00000000e0000000, 0x0000000100000000)
  region size 1024K, 58 young (59392K), 5 survivors (5120K)
 Metaspace       used 15410K, committed 15808K, reserved 380928K
  class space    used 2056K, committed 2240K, reserved 315392K

Heap Regions: E=young(eden), S=young(survivor), O=old, HS=humongous(starts), HC=humongous(continues), CS=collection set, F=free, OA=open archive, CA=closed archive, TAMS=top-at-mark-start, PB=parsable bottom
|   0|0x00000000e0000000, 0x00000000e0100000, 0x00000000e0100000|100%|HS|  |TAMS 0x00000000e0000000| PB 0x00000000e0000000| Complete 
|   1|0x00000000e0100000, 0x00000000e0200000, 0x00000000e0200000|100%|HC|  |TAMS 0x00000000e0100000| PB 0x00000000e0100000| Complete 
|   2|0x00000000e0200000, 0x00000000e0300000, 0x00000000e0300000|100%|HC|  |TAMS 0x00000000e0200000| PB 0x00000000e0200000| Complete 
|   3|0x00000000e0300000, 0x00000000e0400000, 0x00000000e0400000|100%| O|  |TAMS 0x00000000e0300000| PB 0x00000000e0300000| Untracked 
|   4|0x00000000e0400000, 0x00000000e0500000, 0x00000000e0500000|100%| O|  |TAMS 0x00000000e0400000| PB 0x00000000e0400000| Untracked 
|   5|0x00000000e0500000, 0x00000000e0600000, 0x00000000e0600000|100%| O|  |TAMS 0x00000000e0500000| PB 0x00000000e0500000| Untracked 
|   6|0x00000000e0600000, 0x00000000e0700000, 0x00000000e0700000|100%|HS|  |TAMS 0x00000000e0600000| PB 0x00000000e0600000| Complete 
|   7|0x00000000e0700000, 0x00000000e0700000, 0x00000000e0800000|  0%| F|  |TAMS 0x00000000e0700000| PB 0x00000000e0700000| Untracked 
|   8|0x00000000e0800000, 0x00000000e0900000, 0x00000000e0900000|100%| O|  |TAMS 0x00000000e0800000| PB 0x00000000e0800000| Untracked 
|   9|0x00000000e0900000, 0x00000000e0a00000, 0x00000000e0a00000|100%| O|  |TAMS 0x00000000e0900000| PB 0x00000000e0900000| Untracked 
|  10|0x00000000e0a00000, 0x00000000e0b00000, 0x00000000e0b00000|100%| O|  |TAMS 0x00000000e0a00000| PB 0x00000000e0a00000| Untracked 
|  11|0x00000000e0b00000, 0x00000000e0c00000, 0x00000000e0c00000|100%| O|  |TAMS 0x00000000e0b00000| PB 0x00000000e0b00000| Untracked 
|  12|0x00000000e0c00000, 0x00000000e0cc3000, 0x00000000e0d00000| 76%| O|  |TAMS 0x00000000e0c00000| PB 0x00000000e0c00000| Untracked 
|  13|0x00000000e0d00000, 0x00000000e0d00000, 0x00000000e0e00000|  0%| F|  |TAMS 0x00000000e0d00000| PB 0x00000000e0d00000| Untracked 
|  14|0x00000000e0e00000, 0x00000000e0e00000, 0x00000000e0f00000|  0%| F|  |TAMS 0x00000000e0e00000| PB 0x00000000e0e00000| Untracked 
|  15|0x00000000e0f00000, 0x00000000e0f00000, 0x00000000e1000000|  0%| F|  |TAMS 0x00000000e0f00000| PB 0x00000000e0f00000| Untracked 
|  16|0x00000000e1000000, 0x00000000e1000000, 0x00000000e1100000|  0%| F|  |TAMS 0x00000000e1000000| PB 0x00000000e1000000| Untracked 
|  17|0x00000000e1100000, 0x00000000e1100000, 0x00000000e1200000|  0%| F|  |TAMS 0x00000000e1100000| PB 0x00000000e1100000| Untracked 
|  18|0x00000000e1200000, 0x00000000e1200000, 0x00000000e1300000|  0%| F|  |TAMS 0x00000000e1200000| PB 0x00000000e1200000| Untracked 
|  19|0x00000000e1300000, 0x00000000e1300000, 0x00000000e1400000|  0%| F|  |TAMS 0x00000000e1300000| PB 0x00000000e1300000| Untracked 
|  20|0x00000000e1400000, 0x00000000e1400000, 0x00000000e1500000|  0%| F|  |TAMS 0x00000000e1400000| PB 0x00000000e1400000| Untracked 
|  21|0x00000000e1500000, 0x00000000e1500000, 0x00000000e1600000|  0%| F|  |TAMS 0x00000000e1500000| PB 0x00000000e1500000| Untracked 
|  22|0x00000000e1600000, 0x00000000e1600000, 0x00000000e1700000|  0%| F|  |TAMS 0x00000000e1600000| PB 0x00000000e1600000| Untracked 
|  23|0x00000000e1700000, 0x00000000e1700000, 0x00000000e1800000|  0%| F|  |TAMS 0x00000000e1700000| PB 0x00000000e1700000| Untracked 
|  24|0x00000000e1800000, 0x00000000e1800000, 0x00000000e1900000|  0%| F|  |TAMS 0x00000000e1800000| PB 0x00000000e1800000| Untracked 
|  25|0x00000000e1900000, 0x00000000e1900000, 0x00000000e1a00000|  0%| F|  |TAMS 0x00000000e1900000| PB 0x00000000e1900000| Untracked 
|  26|0x00000000e1a00000, 0x00000000e1a00000, 0x00000000e1b00000|  0%| F|  |TAMS 0x00000000e1a00000| PB 0x00000000e1a00000| Untracked 
|  27|0x00000000e1b00000, 0x00000000e1b00000, 0x00000000e1c00000|  0%| F|  |TAMS 0x00000000e1b00000| PB 0x00000000e1b00000| Untracked 
|  28|0x00000000e1c00000, 0x00000000e1c00000, 0x00000000e1d00000|  0%| F|  |TAMS 0x00000000e1c00000| PB 0x00000000e1c00000| Untracked 
|  29|0x00000000e1d00000, 0x00000000e1d00000, 0x00000000e1e00000|  0%| F|  |TAMS 0x00000000e1d00000| PB 0x00000000e1d00000| Untracked 
|  30|0x00000000e1e00000, 0x00000000e1e00000, 0x00000000e1f00000|  0%| F|  |TAMS 0x00000000e1e00000| PB 0x00000000e1e00000| Untracked 
|  31|0x00000000e1f00000, 0x00000000e1f00000, 0x00000000e2000000|  0%| F|  |TAMS 0x00000000e1f00000| PB 0x00000000e1f00000| Untracked 
|  32|0x00000000e2000000, 0x00000000e2000000, 0x00000000e2100000|  0%| F|  |TAMS 0x00000000e2000000| PB 0x00000000e2000000| Untracked 
|  33|0x00000000e2100000, 0x00000000e2100000, 0x00000000e2200000|  0%| F|  |TAMS 0x00000000e2100000| PB 0x00000000e2100000| Untracked 
|  34|0x00000000e2200000, 0x00000000e2200000, 0x00000000e2300000|  0%| F|  |TAMS 0x00000000e2200000| PB 0x00000000e2200000| Untracked 
|  35|0x00000000e2300000, 0x00000000e2300000, 0x00000000e2400000|  0%| F|  |TAMS 0x00000000e2300000| PB 0x00000000e2300000| Untracked 
|  36|0x00000000e2400000, 0x00000000e2400000, 0x00000000e2500000|  0%| F|  |TAMS 0x00000000e2400000| PB 0x00000000e2400000| Untracked 
|  37|0x00000000e2500000, 0x00000000e2500000, 0x00000000e2600000|  0%| F|  |TAMS 0x00000000e2500000| PB 0x00000000e2500000| Untracked 
|  38|0x00000000e2600000, 0x00000000e2600000, 0x00000000e2700000|  0%| F|  |TAMS 0x00000000e2600000| PB 0x00000000e2600000| Untracked 
|  39|0x00000000e2700000, 0x00000000e2700000, 0x00000000e2800000|  0%| F|  |TAMS 0x00000000e2700000| PB 0x00000000e2700000| Untracked 
|  40|0x00000000e2800000, 0x00000000e2800000, 0x00000000e2900000|  0%| F|  |TAMS 0x00000000e2800000| PB 0x00000000e2800000| Untracked 
|  41|0x00000000e2900000, 0x00000000e2900000, 0x00000000e2a00000|  0%| F|  |TAMS 0x00000000e2900000| PB 0x00000000e2900000| Untracked 
|  42|0x00000000e2a00000, 0x00000000e2a00000, 0x00000000e2b00000|  0%| F|  |TAMS 0x00000000e2a00000| PB 0x00000000e2a00000| Untracked 
|  43|0x00000000e2b00000, 0x00000000e2b00000, 0x00000000e2c00000|  0%| F|  |TAMS 0x00000000e2b00000| PB 0x00000000e2b00000| Untracked 
|  44|0x00000000e2c00000, 0x00000000e2c00000, 0x00000000e2d00000|  0%| F|  |TAMS 0x00000000e2c00000| PB 0x00000000e2c00000| Untracked 
|  45|0x00000000e2d00000, 0x00000000e2d00000, 0x00000000e2e00000|  0%| F|  |TAMS 0x00000000e2d00000| PB 0x00000000e2d00000| Untracked 
|  46|0x00000000e2e00000, 0x00000000e2e00000, 0x00000000e2f00000|  0%| F|  |TAMS 0x00000000e2e00000| PB 0x00000000e2e00000| Untracked 
|  47|0x00000000e2f00000, 0x00000000e2f00000, 0x00000000e3000000|  0%| F|  |TAMS 0x00000000e2f00000| PB 0x00000000e2f00000| Untracked 
|  48|0x00000000e3000000, 0x00000000e3000000, 0x00000000e3100000|  0%| F|  |TAMS 0x00000000e3000000| PB 0x00000000e3000000| Untracked 
|  49|0x00000000e3100000, 0x00000000e3100000, 0x00000000e3200000|  0%| F|  |TAMS 0x00000000e3100000| PB 0x00000000e3100000| Untracked 
|  50|0x00000000e3200000, 0x00000000e3200000, 0x00000000e3300000|  0%| F|  |TAMS 0x00000000e3200000| PB 0x00000000e3200000| Untracked 
|  51|0x00000000e3300000, 0x00000000e3300000, 0x00000000e3400000|  0%| F|  |TAMS 0x00000000e3300000| PB 0x00000000e3300000| Untracked 
|  52|0x00000000e3400000, 0x00000000e3400000, 0x00000000e3500000|  0%| F|  |TAMS 0x00000000e3400000| PB 0x00000000e3400000| Untracked 
|  53|0x00000000e3500000, 0x00000000e3500000, 0x00000000e3600000|  0%| F|  |TAMS 0x00000000e3500000| PB 0x00000000e3500000| Untracked 
|  54|0x00000000e3600000, 0x00000000e3600000, 0x00000000e3700000|  0%| F|  |TAMS 0x00000000e3600000| PB 0x00000000e3600000| Untracked 
|  55|0x00000000e3700000, 0x00000000e3700000, 0x00000000e3800000|  0%| F|  |TAMS 0x00000000e3700000| PB 0x00000000e3700000| Untracked 
|  56|0x00000000e3800000, 0x00000000e3800000, 0x00000000e3900000|  0%| F|  |TAMS 0x00000000e3800000| PB 0x00000000e3800000| Untracked 
|  57|0x00000000e3900000, 0x00000000e3900000, 0x00000000e3a00000|  0%| F|  |TAMS 0x00000000e3900000| PB 0x00000000e3900000| Untracked 
|  58|0x00000000e3a00000, 0x00000000e3a00000, 0x00000000e3b00000|  0%| F|  |TAMS 0x00000000e3a00000| PB 0x00000000e3a00000| Untracked 
|  59|0x00000000e3b00000, 0x00000000e3b00000, 0x00000000e3c00000|  0%| F|  |TAMS 0x00000000e3b00000| PB 0x00000000e3b00000| Untracked 
|  60|0x00000000e3c00000, 0x00000000e3c00000, 0x00000000e3d00000|  0%| F|  |TAMS 0x00000000e3c00000| PB 0x00000000e3c00000| Untracked 
|  61|0x00000000e3d00000, 0x00000000e3d00000, 0x00000000e3e00000|  0%| F|  |TAMS 0x00000000e3d00000| PB 0x00000000e3d00000| Untracked 
|  62|0x00000000e3e00000, 0x00000000e3e00000, 0x00000000e3f00000|  0%| F|  |TAMS 0x00000000e3e00000| PB 0x00000000e3e00000| Untracked 
|  63|0x00000000e3f00000, 0x00000000e3f00000, 0x00000000e4000000|  0%| F|  |TAMS 0x00000000e3f00000| PB 0x00000000e3f00000| Untracked 
|  64|0x00000000e4000000, 0x00000000e4000000, 0x00000000e4100000|  0%| F|  |TAMS 0x00000000e4000000| PB 0x00000000e4000000| Untracked 
|  65|0x00000000e4100000, 0x00000000e4100000, 0x00000000e4200000|  0%| F|  |TAMS 0x00000000e4100000| PB 0x00000000e4100000| Untracked 
|  66|0x00000000e4200000, 0x00000000e4200000, 0x00000000e4300000|  0%| F|  |TAMS 0x00000000e4200000| PB 0x00000000e4200000| Untracked 
|  67|0x00000000e4300000, 0x00000000e4300000, 0x00000000e4400000|  0%| F|  |TAMS 0x00000000e4300000| PB 0x00000000e4300000| Untracked 
|  68|0x00000000e4400000, 0x00000000e4400000, 0x00000000e4500000|  0%| F|  |TAMS 0x00000000e4400000| PB 0x00000000e4400000| Untracked 
|  69|0x00000000e4500000, 0x00000000e4500000, 0x00000000e4600000|  0%| F|  |TAMS 0x00000000e4500000| PB 0x00000000e4500000| Untracked 
|  70|0x00000000e4600000, 0x00000000e4600000, 0x00000000e4700000|  0%| F|  |TAMS 0x00000000e4600000| PB 0x00000000e4600000| Untracked 
|  71|0x00000000e4700000, 0x00000000e4700000, 0x00000000e4800000|  0%| F|  |TAMS 0x00000000e4700000| PB 0x00000000e4700000| Untracked 
|  72|0x00000000e4800000, 0x00000000e4800000, 0x00000000e4900000|  0%| F|  |TAMS 0x00000000e4800000| PB 0x00000000e4800000| Untracked 
|  73|0x00000000e4900000, 0x00000000e4900000, 0x00000000e4a00000|  0%| F|  |TAMS 0x00000000e4900000| PB 0x00000000e4900000| Untracked 
|  74|0x00000000e4a00000, 0x00000000e4a00000, 0x00000000e4b00000|  0%| F|  |TAMS 0x00000000e4a00000| PB 0x00000000e4a00000| Untracked 
|  75|0x00000000e4b00000, 0x00000000e4b00000, 0x00000000e4c00000|  0%| F|  |TAMS 0x00000000e4b00000| PB 0x00000000e4b00000| Untracked 
|  76|0x00000000e4c00000, 0x00000000e4c00000, 0x00000000e4d00000|  0%| F|  |TAMS 0x00000000e4c00000| PB 0x00000000e4c00000| Untracked 
|  77|0x00000000e4d00000, 0x00000000e4d00000, 0x00000000e4e00000|  0%| F|  |TAMS 0x00000000e4d00000| PB 0x00000000e4d00000| Untracked 
|  78|0x00000000e4e00000, 0x00000000e4e00000, 0x00000000e4f00000|  0%| F|  |TAMS 0x00000000e4e00000| PB 0x00000000e4e00000| Untracked 
|  79|0x00000000e4f00000, 0x00000000e4f00000, 0x00000000e5000000|  0%| F|  |TAMS 0x00000000e4f00000| PB 0x00000000e4f00000| Untracked 
|  80|0x00000000e5000000, 0x00000000e5000000, 0x00000000e5100000|  0%| F|  |TAMS 0x00000000e5000000| PB 0x00000000e5000000| Untracked 
|  81|0x00000000e5100000, 0x00000000e5100000, 0x00000000e5200000|  0%| F|  |TAMS 0x00000000e5100000| PB 0x00000000e5100000| Untracked 
|  82|0x00000000e5200000, 0x00000000e5200000, 0x00000000e5300000|  0%| F|  |TAMS 0x00000000e5200000| PB 0x00000000e5200000| Untracked 
|  83|0x00000000e5300000, 0x00000000e5300000, 0x00000000e5400000|  0%| F|  |TAMS 0x00000000e5300000| PB 0x00000000e5300000| Untracked 
|  84|0x00000000e5400000, 0x00000000e5400000, 0x00000000e5500000|  0%| F|  |TAMS 0x00000000e5400000| PB 0x00000000e5400000| Untracked 
|  85|0x00000000e5500000, 0x00000000e5500000, 0x00000000e5600000|  0%| F|  |TAMS 0x00000000e5500000| PB 0x00000000e5500000| Untracked 
|  86|0x00000000e5600000, 0x00000000e5600000, 0x00000000e5700000|  0%| F|  |TAMS 0x00000000e5600000| PB 0x00000000e5600000| Untracked 
|  87|0x00000000e5700000, 0x00000000e5700000, 0x00000000e5800000|  0%| F|  |TAMS 0x00000000e5700000| PB 0x00000000e5700000| Untracked 
|  88|0x00000000e5800000, 0x00000000e5800000, 0x00000000e5900000|  0%| F|  |TAMS 0x00000000e5800000| PB 0x00000000e5800000| Untracked 
|  89|0x00000000e5900000, 0x00000000e5900000, 0x00000000e5a00000|  0%| F|  |TAMS 0x00000000e5900000| PB 0x00000000e5900000| Untracked 
|  90|0x00000000e5a00000, 0x00000000e5a00000, 0x00000000e5b00000|  0%| F|  |TAMS 0x00000000e5a00000| PB 0x00000000e5a00000| Untracked 
|  91|0x00000000e5b00000, 0x00000000e5b00000, 0x00000000e5c00000|  0%| F|  |TAMS 0x00000000e5b00000| PB 0x00000000e5b00000| Untracked 
|  92|0x00000000e5c00000, 0x00000000e5c00000, 0x00000000e5d00000|  0%| F|  |TAMS 0x00000000e5c00000| PB 0x00000000e5c00000| Untracked 
|  93|0x00000000e5d00000, 0x00000000e5d00000, 0x00000000e5e00000|  0%| F|  |TAMS 0x00000000e5d00000| PB 0x00000000e5d00000| Untracked 
|  94|0x00000000e5e00000, 0x00000000e5e00000, 0x00000000e5f00000|  0%| F|  |TAMS 0x00000000e5e00000| PB 0x00000000e5e00000| Untracked 
|  95|0x00000000e5f00000, 0x00000000e5f00000, 0x00000000e6000000|  0%| F|  |TAMS 0x00000000e5f00000| PB 0x00000000e5f00000| Untracked 
|  96|0x00000000e6000000, 0x00000000e6000000, 0x00000000e6100000|  0%| F|  |TAMS 0x00000000e6000000| PB 0x00000000e6000000| Untracked 
|  97|0x00000000e6100000, 0x00000000e6100000, 0x00000000e6200000|  0%| F|  |TAMS 0x00000000e6100000| PB 0x00000000e6100000| Untracked 
|  98|0x00000000e6200000, 0x00000000e6200000, 0x00000000e6300000|  0%| F|  |TAMS 0x00000000e6200000| PB 0x00000000e6200000| Untracked 
|  99|0x00000000e6300000, 0x00000000e6300000, 0x00000000e6400000|  0%| F|  |TAMS 0x00000000e6300000| PB 0x00000000e6300000| Untracked 
| 100|0x00000000e6400000, 0x00000000e6400000, 0x00000000e6500000|  0%| F|  |TAMS 0x00000000e6400000| PB 0x00000000e6400000| Untracked 
| 101|0x00000000e6500000, 0x00000000e6500000, 0x00000000e6600000|  0%| F|  |TAMS 0x00000000e6500000| PB 0x00000000e6500000| Untracked 
| 102|0x00000000e6600000, 0x00000000e6600000, 0x00000000e6700000|  0%| F|  |TAMS 0x00000000e6600000| PB 0x00000000e6600000| Untracked 
| 103|0x00000000e6700000, 0x00000000e6700000, 0x00000000e6800000|  0%| F|  |TAMS 0x00000000e6700000| PB 0x00000000e6700000| Untracked 
| 104|0x00000000e6800000, 0x00000000e6800000, 0x00000000e6900000|  0%| F|  |TAMS 0x00000000e6800000| PB 0x00000000e6800000| Untracked 
| 105|0x00000000e6900000, 0x00000000e6900000, 0x00000000e6a00000|  0%| F|  |TAMS 0x00000000e6900000| PB 0x00000000e6900000| Untracked 
| 106|0x00000000e6a00000, 0x00000000e6a00000, 0x00000000e6b00000|  0%| F|  |TAMS 0x00000000e6a00000| PB 0x00000000e6a00000| Untracked 
| 107|0x00000000e6b00000, 0x00000000e6b00000, 0x00000000e6c00000|  0%| F|  |TAMS 0x00000000e6b00000| PB 0x00000000e6b00000| Untracked 
| 108|0x00000000e6c00000, 0x00000000e6c00000, 0x00000000e6d00000|  0%| F|  |TAMS 0x00000000e6c00000| PB 0x00000000e6c00000| Untracked 
| 109|0x00000000e6d00000, 0x00000000e6d00000, 0x00000000e6e00000|  0%| F|  |TAMS 0x00000000e6d00000| PB 0x00000000e6d00000| Untracked 
| 110|0x00000000e6e00000, 0x00000000e6e00000, 0x00000000e6f00000|  0%| F|  |TAMS 0x00000000e6e00000| PB 0x00000000e6e00000| Untracked 
| 111|0x00000000e6f00000, 0x00000000e6f00000, 0x00000000e7000000|  0%| F|  |TAMS 0x00000000e6f00000| PB 0x00000000e6f00000| Untracked 
| 112|0x00000000e7000000, 0x00000000e7000000, 0x00000000e7100000|  0%| F|  |TAMS 0x00000000e7000000| PB 0x00000000e7000000| Untracked 
| 113|0x00000000e7100000, 0x00000000e7100000, 0x00000000e7200000|  0%| F|  |TAMS 0x00000000e7100000| PB 0x00000000e7100000| Untracked 
| 114|0x00000000e7200000, 0x00000000e7200000, 0x00000000e7300000|  0%| F|  |TAMS 0x00000000e7200000| PB 0x00000000e7200000| Untracked 
| 115|0x00000000e7300000, 0x00000000e7300000, 0x00000000e7400000|  0%| F|  |TAMS 0x00000000e7300000| PB 0x00000000e7300000| Untracked 
| 116|0x00000000e7400000, 0x00000000e7400000, 0x00000000e7500000|  0%| F|  |TAMS 0x00000000e7400000| PB 0x00000000e7400000| Untracked 
| 117|0x00000000e7500000, 0x00000000e7500000, 0x00000000e7600000|  0%| F|  |TAMS 0x00000000e7500000| PB 0x00000000e7500000| Untracked 
| 118|0x00000000e7600000, 0x00000000e7600000, 0x00000000e7700000|  0%| F|  |TAMS 0x00000000e7600000| PB 0x00000000e7600000| Untracked 
| 119|0x00000000e7700000, 0x00000000e7700000, 0x00000000e7800000|  0%| F|  |TAMS 0x00000000e7700000| PB 0x00000000e7700000| Untracked 
| 120|0x00000000e7800000, 0x00000000e7800000, 0x00000000e7900000|  0%| F|  |TAMS 0x00000000e7800000| PB 0x00000000e7800000| Untracked 
| 121|0x00000000e7900000, 0x00000000e7900000, 0x00000000e7a00000|  0%| F|  |TAMS 0x00000000e7900000| PB 0x00000000e7900000| Untracked 
| 122|0x00000000e7a00000, 0x00000000e7a00000, 0x00000000e7b00000|  0%| F|  |TAMS 0x00000000e7a00000| PB 0x00000000e7a00000| Untracked 
| 123|0x00000000e7b00000, 0x00000000e7b00000, 0x00000000e7c00000|  0%| F|  |TAMS 0x00000000e7b00000| PB 0x00000000e7b00000| Untracked 
| 124|0x00000000e7c00000, 0x00000000e7c00000, 0x00000000e7d00000|  0%| F|  |TAMS 0x00000000e7c00000| PB 0x00000000e7c00000| Untracked 
| 125|0x00000000e7d00000, 0x00000000e7d00000, 0x00000000e7e00000|  0%| F|  |TAMS 0x00000000e7d00000| PB 0x00000000e7d00000| Untracked 
| 126|0x00000000e7e00000, 0x00000000e7e00000, 0x00000000e7f00000|  0%| F|  |TAMS 0x00000000e7e00000| PB 0x00000000e7e00000| Untracked 
| 127|0x00000000e7f00000, 0x00000000e7f00000, 0x00000000e8000000|  0%| F|  |TAMS 0x00000000e7f00000| PB 0x00000000e7f00000| Untracked 
| 128|0x00000000e8000000, 0x00000000e8000000, 0x00000000e8100000|  0%| F|  |TAMS 0x00000000e8000000| PB 0x00000000e8000000| Untracked 
| 129|0x00000000e8100000, 0x00000000e8100000, 0x00000000e8200000|  0%| F|  |TAMS 0x00000000e8100000| PB 0x00000000e8100000| Untracked 
| 130|0x00000000e8200000, 0x00000000e8200000, 0x00000000e8300000|  0%| F|  |TAMS 0x00000000e8200000| PB 0x00000000e8200000| Untracked 
| 131|0x00000000e8300000, 0x00000000e8300000, 0x00000000e8400000|  0%| F|  |TAMS 0x00000000e8300000| PB 0x00000000e8300000| Untracked 
| 132|0x00000000e8400000, 0x00000000e8400000, 0x00000000e8500000|  0%| F|  |TAMS 0x00000000e8400000| PB 0x00000000e8400000| Untracked 
| 133|0x00000000e8500000, 0x00000000e8500000, 0x00000000e8600000|  0%| F|  |TAMS 0x00000000e8500000| PB 0x00000000e8500000| Untracked 
| 134|0x00000000e8600000, 0x00000000e8600000, 0x00000000e8700000|  0%| F|  |TAMS 0x00000000e8600000| PB 0x00000000e8600000| Untracked 
| 135|0x00000000e8700000, 0x00000000e8700000, 0x00000000e8800000|  0%| F|  |TAMS 0x00000000e8700000| PB 0x00000000e8700000| Untracked 
| 136|0x00000000e8800000, 0x00000000e8800000, 0x00000000e8900000|  0%| F|  |TAMS 0x00000000e8800000| PB 0x00000000e8800000| Untracked 
| 137|0x00000000e8900000, 0x00000000e8900000, 0x00000000e8a00000|  0%| F|  |TAMS 0x00000000e8900000| PB 0x00000000e8900000| Untracked 
| 138|0x00000000e8a00000, 0x00000000e8a00000, 0x00000000e8b00000|  0%| F|  |TAMS 0x00000000e8a00000| PB 0x00000000e8a00000| Untracked 
| 139|0x00000000e8b00000, 0x00000000e8b00000, 0x00000000e8c00000|  0%| F|  |TAMS 0x00000000e8b00000| PB 0x00000000e8b00000| Untracked 
| 140|0x00000000e8c00000, 0x00000000e8c00000, 0x00000000e8d00000|  0%| F|  |TAMS 0x00000000e8c00000| PB 0x00000000e8c00000| Untracked 
| 141|0x00000000e8d00000, 0x00000000e8d00000, 0x00000000e8e00000|  0%| F|  |TAMS 0x00000000e8d00000| PB 0x00000000e8d00000| Untracked 
| 142|0x00000000e8e00000, 0x00000000e8e00000, 0x00000000e8f00000|  0%| F|  |TAMS 0x00000000e8e00000| PB 0x00000000e8e00000| Untracked 
| 143|0x00000000e8f00000, 0x00000000e8f00000, 0x00000000e9000000|  0%| F|  |TAMS 0x00000000e8f00000| PB 0x00000000e8f00000| Untracked 
| 144|0x00000000e9000000, 0x00000000e9000000, 0x00000000e9100000|  0%| F|  |TAMS 0x00000000e9000000| PB 0x00000000e9000000| Untracked 
| 145|0x00000000e9100000, 0x00000000e9100000, 0x00000000e9200000|  0%| F|  |TAMS 0x00000000e9100000| PB 0x00000000e9100000| Untracked 
| 146|0x00000000e9200000, 0x00000000e9200000, 0x00000000e9300000|  0%| F|  |TAMS 0x00000000e9200000| PB 0x00000000e9200000| Untracked 
| 147|0x00000000e9300000, 0x00000000e9300000, 0x00000000e9400000|  0%| F|  |TAMS 0x00000000e9300000| PB 0x00000000e9300000| Untracked 
| 148|0x00000000e9400000, 0x00000000e9400000, 0x00000000e9500000|  0%| F|  |TAMS 0x00000000e9400000| PB 0x00000000e9400000| Untracked 
| 149|0x00000000e9500000, 0x00000000e9500000, 0x00000000e9600000|  0%| F|  |TAMS 0x00000000e9500000| PB 0x00000000e9500000| Untracked 
| 150|0x00000000e9600000, 0x00000000e9600000, 0x00000000e9700000|  0%| F|  |TAMS 0x00000000e9600000| PB 0x00000000e9600000| Untracked 
| 151|0x00000000e9700000, 0x00000000e9700000, 0x00000000e9800000|  0%| F|  |TAMS 0x00000000e9700000| PB 0x00000000e9700000| Untracked 
| 152|0x00000000e9800000, 0x00000000e9800000, 0x00000000e9900000|  0%| F|  |TAMS 0x00000000e9800000| PB 0x00000000e9800000| Untracked 
| 153|0x00000000e9900000, 0x00000000e9900000, 0x00000000e9a00000|  0%| F|  |TAMS 0x00000000e9900000| PB 0x00000000e9900000| Untracked 
| 154|0x00000000e9a00000, 0x00000000e9a00000, 0x00000000e9b00000|  0%| F|  |TAMS 0x00000000e9a00000| PB 0x00000000e9a00000| Untracked 
| 155|0x00000000e9b00000, 0x00000000e9b00000, 0x00000000e9c00000|  0%| F|  |TAMS 0x00000000e9b00000| PB 0x00000000e9b00000| Untracked 
| 156|0x00000000e9c00000, 0x00000000e9c00000, 0x00000000e9d00000|  0%| F|  |TAMS 0x00000000e9c00000| PB 0x00000000e9c00000| Untracked 
| 157|0x00000000e9d00000, 0x00000000e9d00000, 0x00000000e9e00000|  0%| F|  |TAMS 0x00000000e9d00000| PB 0x00000000e9d00000| Untracked 
| 158|0x00000000e9e00000, 0x00000000e9e00000, 0x00000000e9f00000|  0%| F|  |TAMS 0x00000000e9e00000| PB 0x00000000e9e00000| Untracked 
| 159|0x00000000e9f00000, 0x00000000e9f00000, 0x00000000ea000000|  0%| F|  |TAMS 0x00000000e9f00000| PB 0x00000000e9f00000| Untracked 
| 160|0x00000000ea000000, 0x00000000ea000000, 0x00000000ea100000|  0%| F|  |TAMS 0x00000000ea000000| PB 0x00000000ea000000| Untracked 
| 161|0x00000000ea100000, 0x00000000ea100000, 0x00000000ea200000|  0%| F|  |TAMS 0x00000000ea100000| PB 0x00000000ea100000| Untracked 
| 162|0x00000000ea200000, 0x00000000ea200000, 0x00000000ea300000|  0%| F|  |TAMS 0x00000000ea200000| PB 0x00000000ea200000| Untracked 
| 163|0x00000000ea300000, 0x00000000ea300000, 0x00000000ea400000|  0%| F|  |TAMS 0x00000000ea300000| PB 0x00000000ea300000| Untracked 
| 164|0x00000000ea400000, 0x00000000ea400000, 0x00000000ea500000|  0%| F|  |TAMS 0x00000000ea400000| PB 0x00000000ea400000| Untracked 
| 165|0x00000000ea500000, 0x00000000ea500000, 0x00000000ea600000|  0%| F|  |TAMS 0x00000000ea500000| PB 0x00000000ea500000| Untracked 
| 166|0x00000000ea600000, 0x00000000ea600000, 0x00000000ea700000|  0%| F|  |TAMS 0x00000000ea600000| PB 0x00000000ea600000| Untracked 
| 167|0x00000000ea700000, 0x00000000ea700000, 0x00000000ea800000|  0%| F|  |TAMS 0x00000000ea700000| PB 0x00000000ea700000| Untracked 
| 168|0x00000000ea800000, 0x00000000ea800000, 0x00000000ea900000|  0%| F|  |TAMS 0x00000000ea800000| PB 0x00000000ea800000| Untracked 
| 169|0x00000000ea900000, 0x00000000ea900000, 0x00000000eaa00000|  0%| F|  |TAMS 0x00000000ea900000| PB 0x00000000ea900000| Untracked 
| 170|0x00000000eaa00000, 0x00000000eaa00000, 0x00000000eab00000|  0%| F|  |TAMS 0x00000000eaa00000| PB 0x00000000eaa00000| Untracked 
| 171|0x00000000eab00000, 0x00000000eab00000, 0x00000000eac00000|  0%| F|  |TAMS 0x00000000eab00000| PB 0x00000000eab00000| Untracked 
| 172|0x00000000eac00000, 0x00000000eac00000, 0x00000000ead00000|  0%| F|  |TAMS 0x00000000eac00000| PB 0x00000000eac00000| Untracked 
| 173|0x00000000ead00000, 0x00000000ead00000, 0x00000000eae00000|  0%| F|  |TAMS 0x00000000ead00000| PB 0x00000000ead00000| Untracked 
| 174|0x00000000eae00000, 0x00000000eae00000, 0x00000000eaf00000|  0%| F|  |TAMS 0x00000000eae00000| PB 0x00000000eae00000| Untracked 
| 175|0x00000000eaf00000, 0x00000000eaf00000, 0x00000000eb000000|  0%| F|  |TAMS 0x00000000eaf00000| PB 0x00000000eaf00000| Untracked 
| 176|0x00000000eb000000, 0x00000000eb000000, 0x00000000eb100000|  0%| F|  |TAMS 0x00000000eb000000| PB 0x00000000eb000000| Untracked 
| 177|0x00000000eb100000, 0x00000000eb100000, 0x00000000eb200000|  0%| F|  |TAMS 0x00000000eb100000| PB 0x00000000eb100000| Untracked 
| 178|0x00000000eb200000, 0x00000000eb200000, 0x00000000eb300000|  0%| F|  |TAMS 0x00000000eb200000| PB 0x00000000eb200000| Untracked 
| 179|0x00000000eb300000, 0x00000000eb300000, 0x00000000eb400000|  0%| F|  |TAMS 0x00000000eb300000| PB 0x00000000eb300000| Untracked 
| 180|0x00000000eb400000, 0x00000000eb400000, 0x00000000eb500000|  0%| F|  |TAMS 0x00000000eb400000| PB 0x00000000eb400000| Untracked 
| 181|0x00000000eb500000, 0x00000000eb500000, 0x00000000eb600000|  0%| F|  |TAMS 0x00000000eb500000| PB 0x00000000eb500000| Untracked 
| 182|0x00000000eb600000, 0x00000000eb600000, 0x00000000eb700000|  0%| F|  |TAMS 0x00000000eb600000| PB 0x00000000eb600000| Untracked 
| 183|0x00000000eb700000, 0x00000000eb700000, 0x00000000eb800000|  0%| F|  |TAMS 0x00000000eb700000| PB 0x00000000eb700000| Untracked 
| 184|0x00000000eb800000, 0x00000000eb800000, 0x00000000eb900000|  0%| F|  |TAMS 0x00000000eb800000| PB 0x00000000eb800000| Untracked 
| 185|0x00000000eb900000, 0x00000000eb900000, 0x00000000eba00000|  0%| F|  |TAMS 0x00000000eb900000| PB 0x00000000eb900000| Untracked 
| 186|0x00000000eba00000, 0x00000000eba00000, 0x00000000ebb00000|  0%| F|  |TAMS 0x00000000eba00000| PB 0x00000000eba00000| Untracked 
| 187|0x00000000ebb00000, 0x00000000ebb00000, 0x00000000ebc00000|  0%| F|  |TAMS 0x00000000ebb00000| PB 0x00000000ebb00000| Untracked 
| 188|0x00000000ebc00000, 0x00000000ebc00000, 0x00000000ebd00000|  0%| F|  |TAMS 0x00000000ebc00000| PB 0x00000000ebc00000| Untracked 
| 189|0x00000000ebd00000, 0x00000000ebd00000, 0x00000000ebe00000|  0%| F|  |TAMS 0x00000000ebd00000| PB 0x00000000ebd00000| Untracked 
| 190|0x00000000ebe00000, 0x00000000ebe00000, 0x00000000ebf00000|  0%| F|  |TAMS 0x00000000ebe00000| PB 0x00000000ebe00000| Untracked 
| 191|0x00000000ebf00000, 0x00000000ebf00000, 0x00000000ec000000|  0%| F|  |TAMS 0x00000000ebf00000| PB 0x00000000ebf00000| Untracked 
| 192|0x00000000ec000000, 0x00000000ec000000, 0x00000000ec100000|  0%| F|  |TAMS 0x00000000ec000000| PB 0x00000000ec000000| Untracked 
| 193|0x00000000ec100000, 0x00000000ec100000, 0x00000000ec200000|  0%| F|  |TAMS 0x00000000ec100000| PB 0x00000000ec100000| Untracked 
| 194|0x00000000ec200000, 0x00000000ec200000, 0x00000000ec300000|  0%| F|  |TAMS 0x00000000ec200000| PB 0x00000000ec200000| Untracked 
| 195|0x00000000ec300000, 0x00000000ec300000, 0x00000000ec400000|  0%| F|  |TAMS 0x00000000ec300000| PB 0x00000000ec300000| Untracked 
| 196|0x00000000ec400000, 0x00000000ec400000, 0x00000000ec500000|  0%| F|  |TAMS 0x00000000ec400000| PB 0x00000000ec400000| Untracked 
| 197|0x00000000ec500000, 0x00000000ec500000, 0x00000000ec600000|  0%| F|  |TAMS 0x00000000ec500000| PB 0x00000000ec500000| Untracked 
| 198|0x00000000ec600000, 0x00000000ec680800, 0x00000000ec700000| 50%| E|  |TAMS 0x00000000ec600000| PB 0x00000000ec600000| Complete 
| 199|0x00000000ec700000, 0x00000000ec800000, 0x00000000ec800000|100%| E|CS|TAMS 0x00000000ec700000| PB 0x00000000ec700000| Complete 
| 200|0x00000000ec800000, 0x00000000ec900000, 0x00000000ec900000|100%| E|CS|TAMS 0x00000000ec800000| PB 0x00000000ec800000| Complete 
| 201|0x00000000ec900000, 0x00000000ec9ba420, 0x00000000eca00000| 72%| S|CS|TAMS 0x00000000ec900000| PB 0x00000000ec900000| Complete 
| 202|0x00000000eca00000, 0x00000000ecb00000, 0x00000000ecb00000|100%| S|CS|TAMS 0x00000000eca00000| PB 0x00000000eca00000| Complete 
| 203|0x00000000ecb00000, 0x00000000ecc00000, 0x00000000ecc00000|100%| S|CS|TAMS 0x00000000ecb00000| PB 0x00000000ecb00000| Complete 
| 204|0x00000000ecc00000, 0x00000000ecd00000, 0x00000000ecd00000|100%| S|CS|TAMS 0x00000000ecc00000| PB 0x00000000ecc00000| Complete 
| 205|0x00000000ecd00000, 0x00000000ece00000, 0x00000000ece00000|100%| S|CS|TAMS 0x00000000ecd00000| PB 0x00000000ecd00000| Complete 
| 206|0x00000000ece00000, 0x00000000ecf00000, 0x00000000ecf00000|100%| E|CS|TAMS 0x00000000ece00000| PB 0x00000000ece00000| Complete 
| 207|0x00000000ecf00000, 0x00000000ed000000, 0x00000000ed000000|100%| E|CS|TAMS 0x00000000ecf00000| PB 0x00000000ecf00000| Complete 
| 208|0x00000000ed000000, 0x00000000ed100000, 0x00000000ed100000|100%| E|CS|TAMS 0x00000000ed000000| PB 0x00000000ed000000| Complete 
| 209|0x00000000ed100000, 0x00000000ed200000, 0x00000000ed200000|100%| E|CS|TAMS 0x00000000ed100000| PB 0x00000000ed100000| Complete 
| 210|0x00000000ed200000, 0x00000000ed300000, 0x00000000ed300000|100%| E|CS|TAMS 0x00000000ed200000| PB 0x00000000ed200000| Complete 
| 211|0x00000000ed300000, 0x00000000ed400000, 0x00000000ed400000|100%| E|CS|TAMS 0x00000000ed300000| PB 0x00000000ed300000| Complete 
| 212|0x00000000ed400000, 0x00000000ed500000, 0x00000000ed500000|100%| E|CS|TAMS 0x00000000ed400000| PB 0x00000000ed400000| Complete 
| 213|0x00000000ed500000, 0x00000000ed600000, 0x00000000ed600000|100%| E|CS|TAMS 0x00000000ed500000| PB 0x00000000ed500000| Complete 
| 214|0x00000000ed600000, 0x00000000ed700000, 0x00000000ed700000|100%| E|CS|TAMS 0x00000000ed600000| PB 0x00000000ed600000| Complete 
| 215|0x00000000ed700000, 0x00000000ed800000, 0x00000000ed800000|100%| E|CS|TAMS 0x00000000ed700000| PB 0x00000000ed700000| Complete 
| 216|0x00000000ed800000, 0x00000000ed900000, 0x00000000ed900000|100%| E|CS|TAMS 0x00000000ed800000| PB 0x00000000ed800000| Complete 
| 217|0x00000000ed900000, 0x00000000eda00000, 0x00000000eda00000|100%| E|CS|TAMS 0x00000000ed900000| PB 0x00000000ed900000| Complete 
| 218|0x00000000eda00000, 0x00000000edb00000, 0x00000000edb00000|100%| E|CS|TAMS 0x00000000eda00000| PB 0x00000000eda00000| Complete 
| 219|0x00000000edb00000, 0x00000000edc00000, 0x00000000edc00000|100%| E|CS|TAMS 0x00000000edb00000| PB 0x00000000edb00000| Complete 
| 220|0x00000000edc00000, 0x00000000edd00000, 0x00000000edd00000|100%| E|CS|TAMS 0x00000000edc00000| PB 0x00000000edc00000| Complete 
| 221|0x00000000edd00000, 0x00000000ede00000, 0x00000000ede00000|100%| E|CS|TAMS 0x00000000edd00000| PB 0x00000000edd00000| Complete 
| 222|0x00000000ede00000, 0x00000000edf00000, 0x00000000edf00000|100%| E|CS|TAMS 0x00000000ede00000| PB 0x00000000ede00000| Complete 
| 223|0x00000000edf00000, 0x00000000ee000000, 0x00000000ee000000|100%| E|CS|TAMS 0x00000000edf00000| PB 0x00000000edf00000| Complete 
| 224|0x00000000ee000000, 0x00000000ee100000, 0x00000000ee100000|100%| E|CS|TAMS 0x00000000ee000000| PB 0x00000000ee000000| Complete 
| 225|0x00000000ee100000, 0x00000000ee200000, 0x00000000ee200000|100%| E|CS|TAMS 0x00000000ee100000| PB 0x00000000ee100000| Complete 
| 226|0x00000000ee200000, 0x00000000ee300000, 0x00000000ee300000|100%| E|CS|TAMS 0x00000000ee200000| PB 0x00000000ee200000| Complete 
| 227|0x00000000ee300000, 0x00000000ee400000, 0x00000000ee400000|100%| E|CS|TAMS 0x00000000ee300000| PB 0x00000000ee300000| Complete 
| 228|0x00000000ee400000, 0x00000000ee500000, 0x00000000ee500000|100%| E|CS|TAMS 0x00000000ee400000| PB 0x00000000ee400000| Complete 
| 229|0x00000000ee500000, 0x00000000ee600000, 0x00000000ee600000|100%| E|CS|TAMS 0x00000000ee500000| PB 0x00000000ee500000| Complete 
| 230|0x00000000ee600000, 0x00000000ee700000, 0x00000000ee700000|100%| E|CS|TAMS 0x00000000ee600000| PB 0x00000000ee600000| Complete 
| 231|0x00000000ee700000, 0x00000000ee800000, 0x00000000ee800000|100%| E|CS|TAMS 0x00000000ee700000| PB 0x00000000ee700000| Complete 
| 232|0x00000000ee800000, 0x00000000ee900000, 0x00000000ee900000|100%| E|CS|TAMS 0x00000000ee800000| PB 0x00000000ee800000| Complete 
| 233|0x00000000ee900000, 0x00000000eea00000, 0x00000000eea00000|100%| E|CS|TAMS 0x00000000ee900000| PB 0x00000000ee900000| Complete 
| 234|0x00000000eea00000, 0x00000000eeb00000, 0x00000000eeb00000|100%| E|CS|TAMS 0x00000000eea00000| PB 0x00000000eea00000| Complete 
| 235|0x00000000eeb00000, 0x00000000eec00000, 0x00000000eec00000|100%| E|CS|TAMS 0x00000000eeb00000| PB 0x00000000eeb00000| Complete 
| 236|0x00000000eec00000, 0x00000000eed00000, 0x00000000eed00000|100%| E|CS|TAMS 0x00000000eec00000| PB 0x00000000eec00000| Complete 
| 237|0x00000000eed00000, 0x00000000eee00000, 0x00000000eee00000|100%| E|CS|TAMS 0x00000000eed00000| PB 0x00000000eed00000| Complete 
| 238|0x00000000eee00000, 0x00000000eef00000, 0x00000000eef00000|100%| E|CS|TAMS 0x00000000eee00000| PB 0x00000000eee00000| Complete 
| 239|0x00000000eef00000, 0x00000000ef000000, 0x00000000ef000000|100%| E|CS|TAMS 0x00000000eef00000| PB 0x00000000eef00000| Complete 
| 240|0x00000000ef000000, 0x00000000ef100000, 0x00000000ef100000|100%| E|CS|TAMS 0x00000000ef000000| PB 0x00000000ef000000| Complete 
| 241|0x00000000ef100000, 0x00000000ef200000, 0x00000000ef200000|100%| E|CS|TAMS 0x00000000ef100000| PB 0x00000000ef100000| Complete 
| 242|0x00000000ef200000, 0x00000000ef300000, 0x00000000ef300000|100%| E|CS|TAMS 0x00000000ef200000| PB 0x00000000ef200000| Complete 
| 243|0x00000000ef300000, 0x00000000ef400000, 0x00000000ef400000|100%| E|CS|TAMS 0x00000000ef300000| PB 0x00000000ef300000| Complete 
| 244|0x00000000ef400000, 0x00000000ef500000, 0x00000000ef500000|100%| E|CS|TAMS 0x00000000ef400000| PB 0x00000000ef400000| Complete 
| 245|0x00000000ef500000, 0x00000000ef600000, 0x00000000ef600000|100%| E|CS|TAMS 0x00000000ef500000| PB 0x00000000ef500000| Complete 
| 246|0x00000000ef600000, 0x00000000ef700000, 0x00000000ef700000|100%| E|CS|TAMS 0x00000000ef600000| PB 0x00000000ef600000| Complete 
| 247|0x00000000ef700000, 0x00000000ef800000, 0x00000000ef800000|100%| E|CS|TAMS 0x00000000ef700000| PB 0x00000000ef700000| Complete 
| 248|0x00000000ef800000, 0x00000000ef900000, 0x00000000ef900000|100%| E|CS|TAMS 0x00000000ef800000| PB 0x00000000ef800000| Complete 
| 249|0x00000000ef900000, 0x00000000efa00000, 0x00000000efa00000|100%| E|CS|TAMS 0x00000000ef900000| PB 0x00000000ef900000| Complete 
| 250|0x00000000efa00000, 0x00000000efb00000, 0x00000000efb00000|100%| E|CS|TAMS 0x00000000efa00000| PB 0x00000000efa00000| Complete 
| 251|0x00000000efb00000, 0x00000000efc00000, 0x00000000efc00000|100%| E|CS|TAMS 0x00000000efb00000| PB 0x00000000efb00000| Complete 
| 252|0x00000000efc00000, 0x00000000efd00000, 0x00000000efd00000|100%| E|CS|TAMS 0x00000000efc00000| PB 0x00000000efc00000| Complete 
| 253|0x00000000efd00000, 0x00000000efe00000, 0x00000000efe00000|100%| E|CS|TAMS 0x00000000efd00000| PB 0x00000000efd00000| Complete 
| 254|0x00000000efe00000, 0x00000000eff00000, 0x00000000eff00000|100%| E|CS|TAMS 0x00000000efe00000| PB 0x00000000efe00000| Complete 
| 255|0x00000000eff00000, 0x00000000f0000000, 0x00000000f0000000|100%| E|CS|TAMS 0x00000000eff00000| PB 0x00000000eff00000| Complete 

Card table byte_map: [0x000002df9cde0000,0x000002df9cee0000] _byte_map_base: 0x000002df9c6e0000

Marking Bits: (CMBitMap*) 0x000002df837c55d0
 Bits: [0x000002df9cfe0000, 0x000002df9d7e0000)

Polling page: 0x000002df8d010000

Metaspace:

Usage:
  Non-class:     13.04 MB used.
      Class:      2.01 MB used.
       Both:     15.05 MB used.

Virtual space:
  Non-class space:       64.00 MB reserved,      13.25 MB ( 21%) committed,  1 nodes.
      Class space:      308.00 MB reserved,       2.19 MB ( <1%) committed,  1 nodes.
             Both:      372.00 MB reserved,      15.44 MB (  4%) committed. 

Chunk freelists:
   Non-Class:  2.70 MB
       Class:  1.81 MB
        Both:  4.52 MB

MaxMetaspaceSize: 384.00 MB
CompressedClassSpaceSize: 308.00 MB
Initial GC threshold: 21.00 MB
Current GC threshold: 21.00 MB
CDS: on
MetaspaceReclaimPolicy: balanced
 - commit_granule_bytes: 65536.
 - commit_granule_words: 8192.
 - virtual_space_node_default_size: 8388608.
 - enlarge_chunks_in_place: 1.
 - new_chunks_are_fully_committed: 0.
 - uncommit_free_chunks: 1.
 - use_allocation_guard: 0.


Internal statistics:

num_allocs_failed_limit: 0.
num_arena_births: 504.
num_arena_deaths: 0.
num_vsnodes_births: 2.
num_vsnodes_deaths: 0.
num_space_committed: 247.
num_space_uncommitted: 0.
num_chunks_returned_to_freelist: 0.
num_chunks_taken_from_freelist: 1020.
num_chunk_merges: 0.
num_chunk_splits: 648.
num_chunks_enlarged: 462.
num_inconsistent_stats: 0.

CodeHeap 'non-profiled nmethods': size=120000Kb used=1381Kb max_used=1381Kb free=118618Kb
 bounds [0x000002df94b00000, 0x000002df94d70000, 0x000002df9c030000]
CodeHeap 'profiled nmethods': size=120000Kb used=5940Kb max_used=5940Kb free=114059Kb
 bounds [0x000002df8d030000, 0x000002df8d600000, 0x000002df94560000]
CodeHeap 'non-nmethods': size=5760Kb used=1527Kb max_used=1557Kb free=4232Kb
 bounds [0x000002df94560000, 0x000002df947d0000, 0x000002df94b00000]
 total_blobs=3534 nmethods=2985 adapters=459
 compilation: enabled
              stopped_count=0, restarted_count=0
 full_count=0

Compilation events (20 events):
Event: 162.245 Thread 0x000002dfb8c05380 nmethod 3015 0x000002df8d5f5490 code [0x000002df8d5f5680, 0x000002df8d5f5cd8]
Event: 162.245 Thread 0x000002dfb8c05380 3016       3       jdk.internal.event.ThreadSleepEvent::isTurnedOn (7 bytes)
Event: 162.246 Thread 0x000002dfb8c05380 nmethod 3016 0x000002df8d5f5e90 code [0x000002df8d5f6020, 0x000002df8d5f6170]
Event: 162.353 Thread 0x000002dfb8c05380 3018  s    3       java.io.ByteArrayOutputStream::write (32 bytes)
Event: 162.354 Thread 0x000002dfb8c05380 nmethod 3018 0x000002df8d5f6210 code [0x000002df8d5f63a0, 0x000002df8d5f65e8]
Event: 162.389 Thread 0x000002dfb8c05380 3019       3       sun.nio.ch.FileLockTable$FileLockReference::<init> (12 bytes)
Event: 162.390 Thread 0x000002dfb8c05380 nmethod 3019 0x000002df8d5f6710 code [0x000002df8d5f68c0, 0x000002df8d5f6c58]
Event: 162.390 Thread 0x000002dfb8c05380 3020   !   3       sun.nio.ch.FileLockTable::removeStaleEntries (71 bytes)
Event: 162.391 Thread 0x000002dfb8c05380 nmethod 3020 0x000002df8d5f6d90 code [0x000002df8d5f6f80, 0x000002df8d5f76d8]
Event: 162.391 Thread 0x000002dfb8c05380 3022   !   3       sun.nio.ch.FileChannelImpl::fileLockTable (85 bytes)
Event: 162.393 Thread 0x000002dfb8c05380 nmethod 3022 0x000002df8d5f7990 code [0x000002df8d5f7c20, 0x000002df8d5f8ac8]
Event: 162.393 Thread 0x000002dfb8c05380 3023   !   3       sun.nio.ch.FileLockTable::add (205 bytes)
Event: 162.396 Thread 0x000002dfb8c05380 nmethod 3023 0x000002df8d5f9210 code [0x000002df8d5f9540, 0x000002df8d5fad10]
Event: 162.396 Thread 0x000002dfb8c05380 3024       3       sun.nio.ch.FileDispatcherImpl::lock (11 bytes)
Event: 162.396 Thread 0x000002dfb8c05380 nmethod 3024 0x000002df8d5fb710 code [0x000002df8d5fb8a0, 0x000002df8d5fb9e0]
Event: 162.396 Thread 0x000002dfb8c05380 3025       3       org.gradle.internal.time.ExponentialBackoff$Result::<init> (5 bytes)
Event: 162.396 Thread 0x000002dfb8c05380 nmethod 3025 0x000002df8d5fba90 code [0x000002df8d5fbc20, 0x000002df8d5fbd88]
Event: 162.833 Thread 0x000002dfb8c05380 3026   !   3       sun.nio.ch.FileLockTable::remove (162 bytes)
Event: 162.835 Thread 0x000002dfb8c05380 nmethod 3026 0x000002df8d5fbe90 code [0x000002df8d5fc0c0, 0x000002df8d5fcc88]
Event: 164.639 Thread 0x000002dfb8c03c50 3027       4       jdk.internal.misc.Unsafe::putReferenceOpaque (9 bytes)

GC Heap History (6 events):
Event: 5.304 GC heap before
{Heap before GC invocations=0 (full 0):
 garbage-first heap   total 262144K, used 23552K [0x00000000e0000000, 0x0000000100000000)
  region size 1024K, 23 young (23552K), 0 survivors (0K)
 Metaspace       used 1034K, committed 1152K, reserved 380928K
  class space    used 74K, committed 128K, reserved 315392K
}
Event: 5.308 GC heap after
{Heap after GC invocations=1 (full 0):
 garbage-first heap   total 262144K, used 2634K [0x00000000e0000000, 0x0000000100000000)
  region size 1024K, 3 young (3072K), 3 survivors (3072K)
 Metaspace       used 1034K, committed 1152K, reserved 380928K
  class space    used 74K, committed 128K, reserved 315392K
}
Event: 18.620 GC heap before
{Heap before GC invocations=1 (full 0):
 garbage-first heap   total 262144K, used 40522K [0x00000000e0000000, 0x0000000100000000)
  region size 1024K, 38 young (38912K), 3 survivors (3072K)
 Metaspace       used 4367K, committed 4544K, reserved 380928K
  class space    used 541K, committed 640K, reserved 315392K
}
Event: 18.642 GC heap after
{Heap after GC invocations=2 (full 0):
 garbage-first heap   total 262144K, used 11007K [0x00000000e0000000, 0x0000000100000000)
  region size 1024K, 5 young (5120K), 5 survivors (5120K)
 Metaspace       used 4367K, committed 4544K, reserved 380928K
  class space    used 541K, committed 640K, reserved 315392K
}
Event: 56.705 GC heap before
{Heap before GC invocations=2 (full 0):
 garbage-first heap   total 262144K, used 59135K [0x00000000e0000000, 0x0000000100000000)
  region size 1024K, 50 young (51200K), 5 survivors (5120K)
 Metaspace       used 5521K, committed 5760K, reserved 380928K
  class space    used 730K, committed 832K, reserved 315392K
}
Event: 56.756 GC heap after
{Heap after GC invocations=3 (full 0):
 garbage-first heap   total 262144K, used 16885K [0x00000000e0000000, 0x0000000100000000)
  region size 1024K, 5 young (5120K), 5 survivors (5120K)
 Metaspace       used 5521K, committed 5760K, reserved 380928K
  class space    used 730K, committed 832K, reserved 315392K
}

Dll operation events (15 events):
Event: 0.138 Loaded shared library C:\Program Files\Java\jdk-20\bin\java.dll
Event: 0.280 Loaded shared library C:\Program Files\Java\jdk-20\bin\jsvml.dll
Event: 0.628 Loaded shared library C:\Program Files\Java\jdk-20\bin\zip.dll
Event: 0.635 Loaded shared library C:\Program Files\Java\jdk-20\bin\instrument.dll
Event: 0.649 Loaded shared library C:\Program Files\Java\jdk-20\bin\net.dll
Event: 0.655 Loaded shared library C:\Program Files\Java\jdk-20\bin\nio.dll
Event: 0.664 Loaded shared library C:\Program Files\Java\jdk-20\bin\zip.dll
Event: 3.665 Loaded shared library C:\Program Files\Java\jdk-20\bin\jimage.dll
Event: 8.619 Loaded shared library C:\Program Files\Java\jdk-20\bin\verify.dll
Event: 11.009 Loaded shared library C:\Users\ASUS\.gradle\native\1def1411415f61bf3af743bc5b6707747c0891f09f0c88961ee8f79bc544acac\windows-amd64\native-platform.dll
Event: 11.655 Loaded shared library C:\Users\ASUS\.gradle\native\0.2.7\x86_64-windows-gnu\gradle-fileevents.dll
Event: 57.503 Loaded shared library C:\Program Files\Java\jdk-20\bin\management.dll
Event: 57.510 Loaded shared library C:\Program Files\Java\jdk-20\bin\management_ext.dll
Event: 60.994 Loaded shared library C:\Program Files\Java\jdk-20\bin\extnet.dll
Event: 110.752 Loaded shared library C:\Program Files\Java\jdk-20\bin\sunmscapi.dll

Deoptimization events (20 events):
Event: 147.015 Thread 0x000002dfb99d85d0 DEOPT PACKING pc=0x000002df94c0c5b4 sp=0x000000f8c16fe820
Event: 147.015 Thread 0x000002dfb99d85d0 DEOPT UNPACKING pc=0x000002df945c9d22 sp=0x000000f8c16fe7c0 mode 2
Event: 147.290 Thread 0x000002dfb99d85d0 Uncommon trap: trap_request=0xffffffcc fr.pc=0x000002df94c1aad4 relative=0x0000000000000334
Event: 147.290 Thread 0x000002dfb99d85d0 Uncommon trap: reason=intrinsic_or_type_checked_inlining action=make_not_entrant pc=0x000002df94c1aad4 method=java.util.Arrays.copyOf([Ljava/lang/Object;ILjava/lang/Class;)[Ljava/lang/Object; @ 35 c2
Event: 147.290 Thread 0x000002dfb99d85d0 DEOPT PACKING pc=0x000002df94c1aad4 sp=0x000000f8c16fde90
Event: 147.290 Thread 0x000002dfb99d85d0 DEOPT UNPACKING pc=0x000002df945c9d22 sp=0x000000f8c16fde38 mode 2
Event: 148.947 Thread 0x000002dfb99d85d0 Uncommon trap: trap_request=0xffffff45 fr.pc=0x000002df94b97f10 relative=0x00000000000002d0
Event: 148.947 Thread 0x000002dfb99d85d0 Uncommon trap: reason=unstable_if action=reinterpret pc=0x000002df94b97f10 method=java.util.HashMap.getNode(Ljava/lang/Object;)Ljava/util/HashMap$Node; @ 66 c2
Event: 148.947 Thread 0x000002dfb99d85d0 DEOPT PACKING pc=0x000002df94b97f10 sp=0x000000f8c16fc3f0
Event: 148.947 Thread 0x000002dfb99d85d0 DEOPT UNPACKING pc=0x000002df945c9d22 sp=0x000000f8c16fc310 mode 2
Event: 148.947 Thread 0x000002dfb99d85d0 Uncommon trap: trap_request=0xffffff45 fr.pc=0x000002df94b7c724 relative=0x0000000000000264
Event: 148.947 Thread 0x000002dfb99d85d0 Uncommon trap: reason=unstable_if action=reinterpret pc=0x000002df94b7c724 method=java.util.HashMap.getNode(Ljava/lang/Object;)Ljava/util/HashMap$Node; @ 66 c2
Event: 148.947 Thread 0x000002dfb99d85d0 DEOPT PACKING pc=0x000002df94b7c724 sp=0x000000f8c16fc390
Event: 148.947 Thread 0x000002dfb99d85d0 DEOPT UNPACKING pc=0x000002df945c9d22 sp=0x000000f8c16fc310 mode 2
Event: 149.158 Thread 0x000002dfb99d85d0 Uncommon trap: trap_request=0xffffff45 fr.pc=0x000002df94baadfc relative=0x000000000000025c
Event: 149.159 Thread 0x000002dfb99d85d0 Uncommon trap: reason=unstable_if action=reinterpret pc=0x000002df94baadfc method=java.util.concurrent.ConcurrentHashMap.get(Ljava/lang/Object;)Ljava/lang/Object; @ 76 c2
Event: 149.159 Thread 0x000002dfb99d85d0 DEOPT PACKING pc=0x000002df94baadfc sp=0x000000f8c16fb950
Event: 149.159 Thread 0x000002dfb99d85d0 DEOPT UNPACKING pc=0x000002df945c9d22 sp=0x000000f8c16fb8c8 mode 2
Event: 157.149 Thread 0x000002dfb99d85d0 DEOPT PACKING pc=0x000002df8d10cd44 sp=0x000000f8c16fa5d0
Event: 157.149 Thread 0x000002dfb99d85d0 DEOPT UNPACKING pc=0x000002df945ca4c2 sp=0x000000f8c16f9a68 mode 0

Classes loaded (20 events):
Event: 150.556 Loading class java/nio/file/attribute/PosixFilePermission
Event: 150.557 Loading class java/nio/file/attribute/PosixFilePermission done
Event: 150.558 Loading class java/nio/file/NoSuchFileException
Event: 150.559 Loading class java/nio/file/FileSystemException
Event: 150.560 Loading class java/nio/file/FileSystemException done
Event: 150.560 Loading class java/nio/file/NoSuchFileException done
Event: 150.568 Loading class java/nio/file/attribute/PosixFilePermissions
Event: 150.569 Loading class java/nio/file/attribute/PosixFilePermissions done
Event: 150.569 Loading class java/util/RegularEnumSet$EnumSetIterator
Event: 150.571 Loading class java/util/RegularEnumSet$EnumSetIterator done
Event: 150.571 Loading class java/nio/file/attribute/PosixFilePermissions$1
Event: 150.571 Loading class java/nio/file/attribute/PosixFilePermissions$1 done
Event: 150.674 Loading class java/util/concurrent/ArrayBlockingQueue
Event: 150.675 Loading class java/util/concurrent/ArrayBlockingQueue done
Event: 150.676 Loading class java/util/concurrent/locks/ReentrantLock$FairSync
Event: 150.676 Loading class java/util/concurrent/locks/ReentrantLock$FairSync done
Event: 150.705 Loading class sun/misc/Unsafe
Event: 150.706 Loading class sun/misc/Unsafe done
Event: 157.094 Loading class sun/nio/ch/DatagramSocketAdaptor$DatagramPackets
Event: 157.094 Loading class sun/nio/ch/DatagramSocketAdaptor$DatagramPackets done

Classes unloaded (0 events):
No events

Classes redefined (0 events):
No events

Internal exceptions (20 events):
Event: 61.094 Thread 0x000002df83791a10 Exception <a 'java/lang/NoSuchMethodError'{0x00000000ef64c388}: 'java.lang.Object java.lang.invoke.DirectMethodHandle$Holder.invokeVirtual(java.lang.Object, java.lang.Object, java.lang.Object, java.lang.Object, java.lang.Object, java.lang.Object, java.lang.Object)'> (0x00000000ef64c388) 
thrown [s\open\src\hotspot\share\interpreter\linkResolver.cpp, line 773]
Event: 61.185 Thread 0x000002df83791a10 Exception <a 'java/lang/NoSuchMethodError'{0x00000000ef6dca70}: 'java.lang.Object java.lang.invoke.DirectMethodHandle$Holder.invokeVirtual(java.lang.Object, java.lang.Object, java.lang.Object, java.lang.Object, java.lang.Object, java.lang.Object, java.lang.Object, java.lang.Object, java.lang.Object)'> (0x00000000ef6dca70) 
thrown [s\open\src\hotspot\share\interpreter\linkResolver.cpp, line 773]
Event: 61.468 Thread 0x000002df83791a10 Exception <a 'java/lang/NoSuchMethodError'{0x00000000ef47ac90}: 'java.lang.Object java.lang.invoke.DirectMethodHandle$Holder.invokeStaticInit(java.lang.Object, int, int, int, int)'> (0x00000000ef47ac90) 
thrown [s\open\src\hotspot\share\interpreter\linkResolver.cpp, line 773]
Event: 64.067 Thread 0x000002df83791a10 Exception <a 'java/lang/NoSuchMethodError'{0x00000000ef372390}: 'java.lang.Object java.lang.invoke.DirectMethodHandle$Holder.invokeStaticInit(java.lang.Object, java.lang.Object, int, int, int, int)'> (0x00000000ef372390) 
thrown [s\open\src\hotspot\share\interpreter\linkResolver.cpp, line 773]
Event: 97.940 Thread 0x000002df83791a10 Implicit null exception at 0x000002df94bf419c to 0x000002df94bf4904
Event: 97.942 Thread 0x000002df83791a10 Exception <a 'java/io/IOException'{0x00000000ef0e1f40}> (0x00000000ef0e1f40) 
thrown [s\open\src\hotspot\share\prims\jni.cpp, line 519]
Event: 98.182 Thread 0x000002df83791a10 Implicit null exception at 0x000002df94b5e560 to 0x000002df94b5ea44
Event: 98.341 Thread 0x000002df83791a10 Exception <a 'java/lang/NoSuchMethodError'{0x00000000eef54950}: 'java.lang.Object java.lang.invoke.DirectMethodHandle$Holder.newInvokeSpecial(java.lang.Object, java.lang.Object, java.lang.Object, java.lang.Object, java.lang.Object)'> (0x00000000eef54950) 
thrown [s\open\src\hotspot\share\interpreter\linkResolver.cpp, line 773]
Event: 146.972 Thread 0x000002dfba2edc00 Exception <a 'java/lang/NoSuchMethodError'{0x00000000ee8489a8}: 'void java.lang.invoke.DirectMethodHandle$Holder.invokeSpecial(java.lang.Object, java.lang.Object, java.lang.Object)'> (0x00000000ee8489a8) 
thrown [s\open\src\hotspot\share\interpreter\linkResolver.cpp, line 773]
Event: 147.938 Thread 0x000002dfb99d85d0 Exception <a 'java/lang/NoSuchMethodError'{0x00000000ee238338}: 'long java.lang.invoke.DirectMethodHandle$Holder.invokeInterface(java.lang.Object, java.lang.Object)'> (0x00000000ee238338) 
thrown [s\open\src\hotspot\share\interpreter\linkResolver.cpp, line 773]
Event: 148.725 Thread 0x000002dfb99d85d0 Exception <a 'java/lang/NoSuchMethodError'{0x00000000ede4a2c0}: 'void java.lang.invoke.DirectMethodHandle$Holder.invokeStatic(java.lang.Object, java.lang.Object)'> (0x00000000ede4a2c0) 
thrown [s\open\src\hotspot\share\interpreter\linkResolver.cpp, line 773]
Event: 148.745 Thread 0x000002dfb99d85d0 Exception <a 'java/lang/NoSuchMethodError'{0x00000000ede8c300}: 'java.lang.Object java.lang.invoke.DirectMethodHandle$Holder.invokeVirtual(java.lang.Object, java.lang.Object, java.lang.Object, java.lang.Object, java.lang.Object, java.lang.Object, java.lang.Object, java.lang.Object, java.lang.Object, java.lang.Object, java.lang.Object, java.lang.Object)'> (0x00000000ede8c300) 
thrown [s\open\src\hotspot\share\interpreter\linkResolver.cpp, line 773]
Event: 148.746 Thread 0x000002dfb99d85d0 Exception <a 'java/lang/NoSuchMethodError'{0x00000000ede91278}: 'java.lang.Object java.lang.invoke.DirectMethodHandle$Holder.invokeSpecial(java.lang.Object, java.lang.Object, java.lang.Object, java.lang.Object, java.lang.Object, java.lang.Object, java.lang.Object, java.lang.Object, java.lang.Object, java.lang.Object, java.lang.Object, java.lang.Object, java.lang.Object)'> (0x00000000ede91278) 
thrown [s\open\src\hotspot\share\interpreter\linkResolver.cpp, line 773]
Event: 149.256 Thread 0x000002dfb99d85d0 Exception <a 'java/lang/NoSuchMethodError'{0x00000000edc85250}: 'int java.lang.invoke.DirectMethodHandle$Holder.invokeVirtual(java.lang.Object, java.lang.Object, java.lang.Object)'> (0x00000000edc85250) 
thrown [s\open\src\hotspot\share\interpreter\linkResolver.cpp, line 773]
Event: 149.473 Thread 0x000002dfb99d85d0 Exception <a 'java/lang/NoSuchMethodError'{0x00000000edaedc48}: 'java.lang.Object java.lang.invoke.DirectMethodHandle$Holder.newInvokeSpecial(java.lang.Object, java.lang.Object, java.lang.Object, java.lang.Object, java.lang.Object, java.lang.Object)'> (0x00000000edaedc48) 
thrown [s\open\src\hotspot\share\interpreter\linkResolver.cpp, line 773]
Event: 149.911 Thread 0x000002dfb99d85d0 Exception <a 'java/lang/NoSuchMethodError'{0x00000000ed7c51f0}: 'void java.lang.invoke.DelegatingMethodHandle$Holder.reinvoke_L(java.lang.Object, java.lang.Object, java.lang.Object, java.lang.Object, java.lang.Object, java.lang.Object, java.lang.Object, java.lang.Object, java.lang.Object, java.lang.Object)'> (0x00000000ed7c51f0) 
thrown [s\open\src\hotspot\share\interpreter\linkResolver.cpp, line 773]
Event: 149.913 Thread 0x000002dfb99d85d0 Exception <a 'java/lang/NoSuchMethodError'{0x00000000ed7ccbf0}: 'java.lang.Object java.lang.invoke.Invokers$Holder.invoker(java.lang.Object, java.lang.Object, java.lang.Object, java.lang.Object, java.lang.Object, java.lang.Object, java.lang.Object, java.lang.Object, java.lang.Object, java.lang.Object)'> (0x00000000ed7ccbf0) 
thrown [s\open\src\hotspot\share\interpreter\linkResolver.cpp, line 773]
Event: 150.582 Thread 0x000002dfb99d85d0 Exception <a 'java/lang/NoSuchMethodError'{0x00000000ed1ebd18}: 'void java.lang.invoke.DirectMethodHandle$Holder.invokeInterface(java.lang.Object, java.lang.Object)'> (0x00000000ed1ebd18) 
thrown [s\open\src\hotspot\share\interpreter\linkResolver.cpp, line 773]
Event: 150.583 Thread 0x000002dfb99d85d0 Exception <a 'java/lang/IncompatibleClassChangeError'{0x00000000ed1ef278}: Found class java.lang.Object, but interface was expected> (0x00000000ed1ef278) 
thrown [s\open\src\hotspot\share\interpreter\linkResolver.cpp, line 840]
Event: 150.682 Thread 0x000002dfb99d85d0 Exception <a 'java/lang/NoSuchMethodError'{0x00000000ecf15450}: 'java.lang.Object java.lang.invoke.DirectMethodHandle$Holder.newInvokeSpecial(java.lang.Object, java.lang.Object, int)'> (0x00000000ecf15450) 
thrown [s\open\src\hotspot\share\interpreter\linkResolver.cpp, line 773]

VM Operations (20 events):
Event: 137.860 Executing VM operation: Cleanup
Event: 137.866 Executing VM operation: Cleanup done
Event: 146.957 Executing VM operation: Cleanup
Event: 146.973 Executing VM operation: Cleanup done
Event: 147.982 Executing VM operation: Cleanup
Event: 148.012 Executing VM operation: Cleanup done
Event: 149.016 Executing VM operation: Cleanup
Event: 149.125 Executing VM operation: Cleanup done
Event: 150.134 Executing VM operation: Cleanup
Event: 150.301 Executing VM operation: Cleanup done
Event: 150.678 Executing VM operation: HandshakeAllThreads
Event: 150.678 Executing VM operation: HandshakeAllThreads done
Event: 151.686 Executing VM operation: Cleanup
Event: 157.095 Executing VM operation: Cleanup done
Event: 158.096 Executing VM operation: Cleanup
Event: 158.097 Executing VM operation: Cleanup done
Event: 159.100 Executing VM operation: Cleanup
Event: 159.101 Executing VM operation: Cleanup done
Event: 160.115 Executing VM operation: Cleanup
Event: 160.115 Executing VM operation: Cleanup done

Events (20 events):
Event: 0.346 Thread 0x000002dfb8c029d0 Thread added: 0x000002dfb8c029d0
Event: 0.347 Thread 0x000002dfb8c03310 Thread added: 0x000002dfb8c03310
Event: 0.347 Thread 0x000002dfb8c03c50 Thread added: 0x000002dfb8c03c50
Event: 0.352 Thread 0x000002dfb8c05380 Thread added: 0x000002dfb8c05380
Event: 0.512 Thread 0x000002dfb8d0f1d0 Thread added: 0x000002dfb8d0f1d0
Event: 0.786 Thread 0x000002dfb8e2c150 Thread added: 0x000002dfb8e2c150
Event: 57.989 Thread 0x000002dfba470040 Thread added: 0x000002dfba470040
Event: 64.159 Thread 0x000002dfba2b0450 Thread added: 0x000002dfba2b0450
Event: 98.353 Thread 0x000002dfb90657c0 Thread added: 0x000002dfb90657c0
Event: 114.803 Thread 0x000002dfba2edc00 Thread added: 0x000002dfba2edc00
Event: 114.810 Thread 0x000002dfb99d95c0 Thread added: 0x000002dfb99d95c0
Event: 118.837 Thread 0x000002dfb99d8080 Thread added: 0x000002dfb99d8080
Event: 146.977 Thread 0x000002dfb99d85d0 Thread added: 0x000002dfb99d85d0
Event: 147.254 Thread 0x000002dfb99db050 Thread added: 0x000002dfb99db050
Event: 147.263 Thread 0x000002dfb99d9070 Thread added: 0x000002dfb99d9070
Event: 147.286 Thread 0x000002dfb99da5b0 Thread added: 0x000002dfb99da5b0
Event: 150.679 Thread 0x000002dfb99d8b20 Thread added: 0x000002dfb99d8b20
Event: 150.733 Thread 0x000002dfb99d9b10 Thread added: 0x000002dfb99d9b10
Event: 159.257 Thread 0x000002dfb99da060 Thread added: 0x000002dfb99da060
Event: 161.921 Thread 0x000002dfb99dab00 Thread added: 0x000002dfb99dab00


Dynamic libraries:
0x00007ff72ace0000 - 0x00007ff72acf0000 	C:\Program Files\Java\jdk-20\bin\java.exe
0x00007ffda9fb0000 - 0x00007ffdaa1c7000 	C:\Windows\SYSTEM32\ntdll.dll
0x00007ffda9c90000 - 0x00007ffda9d54000 	C:\Windows\System32\KERNEL32.DLL
0x00007ffda7860000 - 0x00007ffda7c33000 	C:\Windows\System32\KERNELBASE.dll
0x00007ffda71d0000 - 0x00007ffda72e1000 	C:\Windows\System32\ucrtbase.dll
0x00007ffd7a7a0000 - 0x00007ffd7a7b9000 	C:\Program Files\Java\jdk-20\bin\jli.dll
0x00007ffd7d560000 - 0x00007ffd7d57b000 	C:\Program Files\Java\jdk-20\bin\VCRUNTIME140.dll
0x00007ffda8920000 - 0x00007ffda89d1000 	C:\Windows\System32\ADVAPI32.dll
0x00007ffda94b0000 - 0x00007ffda9557000 	C:\Windows\System32\msvcrt.dll
0x00007ffda9560000 - 0x00007ffda9607000 	C:\Windows\System32\sechost.dll
0x00007ffda7370000 - 0x00007ffda7398000 	C:\Windows\System32\bcrypt.dll
0x00007ffda99b0000 - 0x00007ffda9ac4000 	C:\Windows\System32\RPCRT4.dll
0x00007ffda9ad0000 - 0x00007ffda9c81000 	C:\Windows\System32\USER32.dll
0x00007ffd93440000 - 0x00007ffd936db000 	C:\Windows\WinSxS\amd64_microsoft.windows.common-controls_6595b64144ccf1df_6.0.22621.5262_none_2712bde373830908\COMCTL32.dll
0x00007ffda9430000 - 0x00007ffda9459000 	C:\Windows\System32\GDI32.dll
0x00007ffda70a0000 - 0x00007ffda71c2000 	C:\Windows\System32\gdi32full.dll
0x00007ffda7650000 - 0x00007ffda76ea000 	C:\Windows\System32\msvcp_win.dll
0x00007ffda7420000 - 0x00007ffda7446000 	C:\Windows\System32\win32u.dll
0x00007ffd9cf80000 - 0x00007ffd9cf8a000 	C:\Windows\SYSTEM32\VERSION.dll
0x00007ffda9d60000 - 0x00007ffda9d91000 	C:\Windows\System32\IMM32.DLL
0x00007ffd7c470000 - 0x00007ffd7c47c000 	C:\Program Files\Java\jdk-20\bin\vcruntime140_1.dll
0x00007ffd6c130000 - 0x00007ffd6c1be000 	C:\Program Files\Java\jdk-20\bin\msvcp140.dll
0x00007ffcce6a0000 - 0x00007ffccf338000 	C:\Program Files\Java\jdk-20\bin\server\jvm.dll
0x00007ffd8a480000 - 0x00007ffd8a489000 	C:\Windows\SYSTEM32\WSOCK32.dll
0x00007ffda9620000 - 0x00007ffda9691000 	C:\Windows\System32\WS2_32.dll
0x00007ffda02a0000 - 0x00007ffda02d4000 	C:\Windows\SYSTEM32\WINMM.dll
0x00007ffda6190000 - 0x00007ffda61a8000 	C:\Windows\SYSTEM32\kernel.appcore.dll
0x00007ffd7a790000 - 0x00007ffd7a79a000 	C:\Program Files\Java\jdk-20\bin\jimage.dll
0x00007ffda44a0000 - 0x00007ffda46d2000 	C:\Windows\SYSTEM32\DBGHELP.DLL
0x00007ffda7c50000 - 0x00007ffda7fe3000 	C:\Windows\System32\combase.dll
0x00007ffda8a00000 - 0x00007ffda8ad7000 	C:\Windows\System32\OLEAUT32.dll
0x00007ffd9a900000 - 0x00007ffd9a932000 	C:\Windows\SYSTEM32\dbgcore.DLL
0x00007ffda73a0000 - 0x00007ffda741b000 	C:\Windows\System32\bcryptPrimitives.dll
0x00007ffd79a20000 - 0x00007ffd79a2e000 	C:\Program Files\Java\jdk-20\bin\instrument.dll
0x00007ffd78b10000 - 0x00007ffd78b36000 	C:\Program Files\Java\jdk-20\bin\java.dll
0x00007ffd6b940000 - 0x00007ffd6ba17000 	C:\Program Files\Java\jdk-20\bin\jsvml.dll
0x00007ffda8b90000 - 0x00007ffda942d000 	C:\Windows\System32\SHELL32.dll
0x00007ffda7510000 - 0x00007ffda764f000 	C:\Windows\System32\wintypes.dll
0x00007ffda4fa0000 - 0x00007ffda58bd000 	C:\Windows\SYSTEM32\windows.storage.dll
0x00007ffda8100000 - 0x00007ffda820b000 	C:\Windows\System32\SHCORE.dll
0x00007ffda83d0000 - 0x00007ffda8436000 	C:\Windows\System32\shlwapi.dll
0x00007ffda6fd0000 - 0x00007ffda6ffb000 	C:\Windows\SYSTEM32\profapi.dll
0x00007ffd798f0000 - 0x00007ffd79908000 	C:\Program Files\Java\jdk-20\bin\zip.dll
0x00007ffd77660000 - 0x00007ffd77673000 	C:\Program Files\Java\jdk-20\bin\net.dll
0x00007ffda3960000 - 0x00007ffda3a8c000 	C:\Windows\SYSTEM32\WINHTTP.dll
0x00007ffda6610000 - 0x00007ffda667a000 	C:\Windows\system32\mswsock.dll
0x00007ffd77010000 - 0x00007ffd77026000 	C:\Program Files\Java\jdk-20\bin\nio.dll
0x00007ffd78b00000 - 0x00007ffd78b10000 	C:\Program Files\Java\jdk-20\bin\verify.dll
0x00007ffda0010000 - 0x00007ffda0037000 	C:\Users\ASUS\.gradle\native\1def1411415f61bf3af743bc5b6707747c0891f09f0c88961ee8f79bc544acac\windows-amd64\native-platform.dll
0x00007ffd70da0000 - 0x00007ffd70e18000 	C:\Users\ASUS\.gradle\native\0.2.7\x86_64-windows-gnu\gradle-fileevents.dll
0x00007ffd77000000 - 0x00007ffd7700a000 	C:\Program Files\Java\jdk-20\bin\management.dll
0x00007ffd75c70000 - 0x00007ffd75c7b000 	C:\Program Files\Java\jdk-20\bin\management_ext.dll
0x00007ffda83c0000 - 0x00007ffda83c8000 	C:\Windows\System32\PSAPI.DLL
0x00007ffda5b90000 - 0x00007ffda5bbd000 	C:\Windows\SYSTEM32\IPHLPAPI.DLL
0x00007ffda9610000 - 0x00007ffda9619000 	C:\Windows\System32\NSI.dll
0x00007ffda35f0000 - 0x00007ffda3609000 	C:\Windows\SYSTEM32\dhcpcsvc6.DLL
0x00007ffda35d0000 - 0x00007ffda35ef000 	C:\Windows\SYSTEM32\dhcpcsvc.DLL
0x00007ffda5c00000 - 0x00007ffda5cf8000 	C:\Windows\SYSTEM32\DNSAPI.dll
0x00007ffd73d30000 - 0x00007ffd73d37000 	C:\Program Files\Java\jdk-20\bin\extnet.dll
0x00007ffda6840000 - 0x00007ffda685b000 	C:\Windows\SYSTEM32\CRYPTSP.dll
0x00007ffda60f0000 - 0x00007ffda6127000 	C:\Windows\system32\rsaenh.dll
0x00007ffda66d0000 - 0x00007ffda66f8000 	C:\Windows\SYSTEM32\USERENV.dll
0x00007ffda6860000 - 0x00007ffda686c000 	C:\Windows\SYSTEM32\CRYPTBASE.dll
0x00007ffd73c10000 - 0x00007ffd73c1e000 	C:\Program Files\Java\jdk-20\bin\sunmscapi.dll
0x00007ffda76f0000 - 0x00007ffda7857000 	C:\Windows\System32\CRYPT32.dll
0x00007ffda6a60000 - 0x00007ffda6a8d000 	C:\Windows\SYSTEM32\ncrypt.dll
0x00007ffda6a20000 - 0x00007ffda6a57000 	C:\Windows\SYSTEM32\NTASN1.dll
0x00007ffd95aa0000 - 0x00007ffd95aa8000 	C:\Windows\system32\wshunix.dll

dbghelp: loaded successfully - version: 4.0.5 - missing functions: none
symbol engine: initialized successfully - sym options: 0x614 - pdb path: .;C:\Program Files\Java\jdk-20\bin;C:\Windows\SYSTEM32;C:\Windows\WinSxS\amd64_microsoft.windows.common-controls_6595b64144ccf1df_6.0.22621.5262_none_2712bde373830908;C:\Program Files\Java\jdk-20\bin\server;C:\Users\ASUS\.gradle\native\1def1411415f61bf3af743bc5b6707747c0891f09f0c88961ee8f79bc544acac\windows-amd64;C:\Users\ASUS\.gradle\native\0.2.7\x86_64-windows-gnu

VM Arguments:
jvm_args: --add-opens=java.base/java.lang=ALL-UNNAMED --add-opens=java.base/java.lang.invoke=ALL-UNNAMED --add-opens=java.base/java.util=ALL-UNNAMED --add-opens=java.prefs/java.util.prefs=ALL-UNNAMED --add-exports=jdk.compiler/com.sun.tools.javac.api=ALL-UNNAMED --add-exports=jdk.compiler/com.sun.tools.javac.util=ALL-UNNAMED --add-opens=java.base/java.util=ALL-UNNAMED --add-opens=java.prefs/java.util.prefs=ALL-UNNAMED --add-opens=java.base/java.nio.charset=ALL-UNNAMED --add-opens=java.base/java.net=ALL-UNNAMED --add-opens=java.base/java.util.concurrent.atomic=ALL-UNNAMED --add-opens=java.xml/javax.xml.namespace=ALL-UNNAMED -XX:MaxMetaspaceSize=384m -XX:+HeapDumpOnOutOfMemoryError -Xms256m -Xmx512m -Dfile.encoding=UTF-8 -Duser.country=ID -Duser.language=en -Duser.variant -javaagent:C:\Users\ASUS\.gradle\wrapper\dists\gradle-8.13-bin\5xuhj0ry160q40clulazy9h7d\gradle-8.13\lib\agents\gradle-instrumentation-agent-8.13.jar 
java_command: org.gradle.launcher.daemon.bootstrap.GradleDaemon 8.13
java_class_path (initial): C:\Users\ASUS\.gradle\wrapper\dists\gradle-8.13-bin\5xuhj0ry160q40clulazy9h7d\gradle-8.13\lib\gradle-daemon-main-8.13.jar
Launcher Type: SUN_STANDARD

[Global flags]
     intx CICompilerCount                          = 4                                         {product} {ergonomic}
   size_t CompressedClassSpaceSize                 = 322961408                                 {product} {ergonomic}
     uint ConcGCThreads                            = 3                                         {product} {ergonomic}
     uint G1ConcRefinementThreads                  = 10                                        {product} {ergonomic}
   size_t G1HeapRegionSize                         = 1048576                                   {product} {ergonomic}
    uintx GCDrainStackTargetSize                   = 64                                        {product} {ergonomic}
     bool HeapDumpOnOutOfMemoryError               = true                                   {manageable} {command line}
   size_t InitialHeapSize                          = 268435456                                 {product} {command line}
   size_t MarkStackSize                            = 4194304                                   {product} {ergonomic}
   size_t MaxHeapSize                              = 536870912                                 {product} {command line}
   size_t MaxMetaspaceSize                         = 402653184                                 {product} {command line}
   size_t MaxNewSize                               = 321912832                                 {product} {ergonomic}
   size_t MinHeapDeltaBytes                        = 1048576                                   {product} {ergonomic}
   size_t MinHeapSize                              = 268435456                                 {product} {command line}
    uintx NonNMethodCodeHeapSize                   = 5839372                                {pd product} {ergonomic}
    uintx NonProfiledCodeHeapSize                  = 122909434                              {pd product} {ergonomic}
    uintx ProfiledCodeHeapSize                     = 122909434                              {pd product} {ergonomic}
    uintx ReservedCodeCacheSize                    = 251658240                              {pd product} {ergonomic}
     bool SegmentedCodeCache                       = true                                      {product} {ergonomic}
   size_t SoftMaxHeapSize                          = 536870912                              {manageable} {ergonomic}
     bool UseCompressedClassPointers               = true                           {product lp64_product} {ergonomic}
     bool UseCompressedOops                        = true                           {product lp64_product} {ergonomic}
     bool UseG1GC                                  = true                                      {product} {ergonomic}
     bool UseLargePagesIndividualAllocation        = false                                  {pd product} {ergonomic}

Logging:
Log output configuration:
 #0: stdout all=warning uptime,level,tags foldmultilines=false
 #1: stderr all=off uptime,level,tags foldmultilines=false

Environment Variables:
JAVA_HOME=C:\Program Files\Java\jdk-20
PATH=C:\Program Files\Common Files\Oracle\Java\javapath;C:\Program Files (x86)\Common Files\Oracle\Java\java8path;C:\Program Files (x86)\Common Files\Oracle\Java\javapath;C:\Windows\system32;C:\Windows;C:\Windows\System32\Wbem;C:\Windows\System32\WindowsPowerShell\v1.0\;C:\Windows\System32\OpenSSH\;C:\Program Files\Java\jdk-20\bin;C:\Program Files\Go\bin;C:\Program Files\Docker\Docker\resources\bin;C:\Program Files\Git\cmd;C:\Program Files\PuTTY\;C:\Program Files\CMake\bin;C:\Program Files\nodejs\;C:\ProgramData\chocolatey\bin;C:\Users\ASUS\AppData\Local\Programs\Python\Python313\Scripts\;C:\Users\ASUS\AppData\Local\Programs\Python\Python313\;C:\Users\ASUS\AppData\Local\Programs\Eclipse Adoptium\jdk-21.0.6.7-hotspot\bin;C:\Users\ASUS\.cargo\bin;C:\Program Files\MySQL\MySQL Shell 8.0\bin\;C:\Users\ASUS\AppData\Local\Programs\Python\Python311\Scripts\;C:\Users\ASUS\AppData\Local\Programs\Python\Python311\;C:\Users\ASUS\AppData\Local\Microsoft\WindowsApps;C:\Users\ASUS\AppData\Local\Programs\Microsoft VS Code\bin;C:\MinGW\bin;C:\Users\ASUS\go\bin;C:\Users\ASUS\AppData\Local\flutter\flutter\bin;C:\Program Files\JetBrains\IntelliJ IDEA 2024.3.2.2\bin;;C:\Program Files\CMake\bin;C:\Users\ASUS\AppData\Roaming\npm;C:\Users\ASUS\AppData\Local\Programs\cursor\resources\app\bin
USERNAME=ASUS
OS=Windows_NT
PROCESSOR_IDENTIFIER=AMD64 Family 25 Model 80 Stepping 0, AuthenticAMD
TMP=C:\Users\ASUS\AppData\Local\Temp
TEMP=C:\Users\ASUS\AppData\Local\Temp




---------------  S Y S T E M  ---------------

OS:
 Windows 11 , 64 bit Build 22621 (10.0.22621.5262)
OS uptime: 0 days 1:44 hours
Hyper-V role detected

CPU: total 12 (initial active 12) (12 cores per cpu, 2 threads per core) family 25 model 80 stepping 0 microcode 0x0, cx8, cmov, fxsr, ht, mmx, 3dnowpref, sse, sse2, sse3, ssse3, sse4a, sse4.1, sse4.2, popcnt, lzcnt, tsc, tscinvbit, avx, avx2, aes, erms, clmul, bmi1, bmi2, adx, sha, fma, vzeroupper, clflush, clflushopt, hv, rdtscp, rdpid, fsrm, f16c, cet_ss

Memory: 4k page, system-wide physical 15775M (42M free)
TotalPageFile size 64927M (AvailPageFile size 0M)
current process WorkingSet (physical memory assigned to process): 47M, peak: 94M
current process commit charge ("private bytes"): 388M, peak: 398M

vm_info: Java HotSpot(TM) 64-Bit Server VM (20.0.2+9-78) for windows-amd64 JRE (20.0.2+9-78), built on 2023-06-14T10:08:48Z by "mach5one" with MS VC++ 17.1 (VS2022)

END.
